{
  "composer": [],
  "crescs": [],
  "first_col_measure_indices": [
    0,
  ],
  "indent": 0,
  "instruments": [],
  "measures": [
    {
      "barline": 1,
      "duration": 32,
      "is_first_col": true,
      "pad": {
        "inter": 4,
        "left": 12,
        "right": 12,
      },
      "slots": [
        {
          "acc_pack": {
            "intervals": [
              [],
              [],
            ],
          },
          "left_deco": 0,
          "left_grace": 0,
          "left_note": 0,
          "left_squiggle": 0,
          "mid_note": 2,
          "mid_pack": {
            "intervals": [
              [
                {
                  "bottom": 4,
                  "idx": 0,
                  "top": 2,
                  "x": 0,
                },
                {
                  "bottom": 4,
                  "idx": 1,
                  "top": 2,
                  "x": 1,
                },
              ],
              [],
            ],
          },
          "right_deco": 0,
          "right_note": 0,
          "right_spacing": 0.8,
        },
        {
          "acc_pack": {
            "intervals": [
              [],
              [],
            ],
          },
          "left_deco": 0,
          "left_grace": 0,
          "left_note": 0,
          "left_squiggle": 0,
          "mid_note": 0,
          "mid_pack": {
            "intervals": [
              [],
              [],
            ],
          },
          "right_deco": 0,
          "right_note": 0,
          "right_spacing": 0,
        },
        {
          "acc_pack": {
            "intervals": [
              [],
              [],
            ],
          },
          "left_deco": 0,
          "left_grace": 0,
          "left_note": 0,
          "left_squiggle": 0,
          "mid_note": 0,
          "mid_pack": {
            "intervals": [
              [],
              [],
            ],
          },
          "right_deco": 0,
          "right_note": 0,
          "right_spacing": 0,
        },
        {
          "acc_pack": {
            "intervals": [
              [],
              [],
            ],
          },
          "left_deco": 0,
          "left_grace": 0,
          "left_note": 0,
          "left_squiggle": 0,
          "mid_note": 0,
          "mid_pack": {
            "intervals": [
              [],
              [],
            ],
          },
          "right_deco": 0,
          "right_note": 0,
          "right_spacing": 0,
        },
        {
          "acc_pack": {
            "intervals": [
              [],
              [],
            ],
          },
          "left_deco": 0,
          "left_grace": 0,
          "left_note": 0,
          "left_squiggle": 0,
          "mid_note": 0,
          "mid_pack": {
            "intervals": [
              [],
              [],
            ],
          },
          "right_deco": 0,
          "right_note": 0,
          "right_spacing": 0,
        },
        {
          "acc_pack": {
            "intervals": [
              [],
              [],
            ],
          },
          "left_deco": 0,
          "left_grace": 0,
          "left_note": 0,
          "left_squiggle": 0,
          "mid_note": 0,
          "mid_pack": {
            "intervals": [
              [],
              [],
            ],
          },
          "right_deco": 0,
          "right_note": 0,
          "right_spacing": 0,
        },
        {
          "acc_pack": {
            "intervals": [
              [],
              [],
            ],
          },
          "left_deco": 0,
          "left_grace": 0,
          "left_note": 0,
          "left_squiggle": 0,
          "mid_note": 0,
          "mid_pack": {
            "intervals": [
              [],
              [],
            ],
          },
          "right_deco": 0,
          "right_note": 0,
          "right_spacing": 0,
        },
        {
          "acc_pack": {
            "intervals": [
              [],
              [],
            ],
          },
          "left_deco": 0,
          "left_grace": 0,
          "left_note": 0,
          "left_squiggle": 0,
          "mid_note": 0,
          "mid_pack": {
            "intervals": [
              [],
              [],
            ],
          },
          "right_deco": 0,
          "right_note": 0,
          "right_spacing": 0,
        },
        {
          "acc_pack": {
            "intervals": [
              [],
              [],
            ],
          },
          "left_deco": 0,
          "left_grace": 0,
          "left_note": 0,
          "left_squiggle": 0,
          "mid_note": 0,
          "mid_pack": {
            "intervals": [
              [],
              [],
            ],
          },
          "right_deco": 0,
          "right_note": 0,
          "right_spacing": 0,
        },
        {
          "acc_pack": {
            "intervals": [
              [],
              [],
            ],
          },
          "left_deco": 0,
          "left_grace": 0,
          "left_note": 0,
          "left_squiggle": 0,
          "mid_note": 0,
          "mid_pack": {
            "intervals": [
              [],
              [],
            ],
          },
          "right_deco": 0,
          "right_note": 0,
          "right_spacing": 0,
        },
        {
          "acc_pack": {
            "intervals": [
              [],
              [],
            ],
          },
          "left_deco": 0,
          "left_grace": 0,
          "left_note": 0,
          "left_squiggle": 0,
          "mid_note": 0,
          "mid_pack": {
            "intervals": [
              [],
              [],
            ],
          },
          "right_deco": 0,
          "right_note": 0,
          "right_spacing": 0,
        },
        {
          "acc_pack": {
            "intervals": [
              [],
              [],
            ],
          },
          "left_deco": 0,
          "left_grace": 0,
          "left_note": 0,
          "left_squiggle": 0,
          "mid_note": 0,
          "mid_pack": {
            "intervals": [
              [],
              [],
            ],
          },
          "right_deco": 0,
          "right_note": 0,
          "right_spacing": 0,
        },
        {
          "acc_pack": {
            "intervals": [
              [],
              [],
            ],
          },
          "left_deco": 0,
          "left_grace": 0,
          "left_note": 0,
          "left_squiggle": 0,
          "mid_note": 0,
          "mid_pack": {
            "intervals": [
              [],
              [],
            ],
          },
          "right_deco": 0,
          "right_note": 0,
          "right_spacing": 0,
        },
        {
          "acc_pack": {
            "intervals": [
              [],
              [],
            ],
          },
          "left_deco": 0,
          "left_grace": 0,
          "left_note": 0,
          "left_squiggle": 0,
          "mid_note": 0,
          "mid_pack": {
            "intervals": [
              [],
              [],
            ],
          },
          "right_deco": 0,
          "right_note": 0,
          "right_spacing": 0,
        },
        {
          "acc_pack": {
            "intervals": [
              [],
              [],
            ],
          },
          "left_deco": 0,
          "left_grace": 0,
          "left_note": 0,
          "left_squiggle": 0,
          "mid_note": 0,
          "mid_pack": {
            "intervals": [
              [],
              [],
            ],
          },
          "right_deco": 0,
          "right_note": 0,
          "right_spacing": 0,
        },
        {
          "acc_pack": {
            "intervals": [
              [],
              [],
            ],
          },
          "left_deco": 0,
          "left_grace": 0,
          "left_note": 0,
          "left_squiggle": 0,
          "mid_note": 0,
          "mid_pack": {
            "intervals": [
              [],
              [],
            ],
          },
          "right_deco": 0,
          "right_note": 0,
          "right_spacing": 0,
        },
        {
          "acc_pack": {
            "intervals": [
              [],
              [],
            ],
          },
          "left_deco": 0,
          "left_grace": 0,
          "left_note": 0,
          "left_squiggle": 0,
          "mid_note": 1,
          "mid_pack": {
            "intervals": [
              [],
              [],
            ],
          },
          "right_deco": 0,
          "right_note": 0,
          "right_spacing": 0,
        },
        {
          "acc_pack": {
            "intervals": [
              [],
              [],
            ],
          },
          "left_deco": 0,
          "left_grace": 0,
          "left_note": 0,
          "left_squiggle": 0,
          "mid_note": 0,
          "mid_pack": {
            "intervals": [
              [],
              [],
            ],
          },
          "right_deco": 0,
          "right_note": 0,
          "right_spacing": 0,
        },
        {
          "acc_pack": {
            "intervals": [
              [],
              [],
            ],
          },
          "left_deco": 0,
          "left_grace": 0,
          "left_note": 0,
          "left_squiggle": 0,
          "mid_note": 0,
          "mid_pack": {
            "intervals": [
              [],
              [],
            ],
          },
          "right_deco": 0,
          "right_note": 0,
          "right_spacing": 0,
        },
        {
          "acc_pack": {
            "intervals": [
              [],
              [],
            ],
          },
          "left_deco": 0,
          "left_grace": 0,
          "left_note": 0,
          "left_squiggle": 0,
          "mid_note": 0,
          "mid_pack": {
            "intervals": [
              [],
              [],
            ],
          },
          "right_deco": 0,
          "right_note": 0,
          "right_spacing": 0,
        },
        {
          "acc_pack": {
            "intervals": [
              [],
              [],
            ],
          },
          "left_deco": 0,
          "left_grace": 0,
          "left_note": 0,
          "left_squiggle": 0,
          "mid_note": 0,
          "mid_pack": {
            "intervals": [
              [],
              [],
            ],
          },
          "right_deco": 0,
          "right_note": 0,
          "right_spacing": 0,
        },
        {
          "acc_pack": {
            "intervals": [
              [],
              [],
            ],
          },
          "left_deco": 0,
          "left_grace": 0,
          "left_note": 0,
          "left_squiggle": 0,
          "mid_note": 0,
          "mid_pack": {
            "intervals": [
              [],
              [],
            ],
          },
          "right_deco": 0,
          "right_note": 0,
          "right_spacing": 0,
        },
        {
          "acc_pack": {
            "intervals": [
              [],
              [],
            ],
          },
          "left_deco": 0,
          "left_grace": 0,
          "left_note": 0,
          "left_squiggle": 0,
          "mid_note": 0,
          "mid_pack": {
            "intervals": [
              [],
              [],
            ],
          },
          "right_deco": 0,
          "right_note": 0,
          "right_spacing": 0,
        },
        {
          "acc_pack": {
            "intervals": [
              [],
              [],
            ],
          },
          "left_deco": 0,
          "left_grace": 0,
          "left_note": 0,
          "left_squiggle": 0,
          "mid_note": 0,
          "mid_pack": {
            "intervals": [
              [],
              [],
            ],
          },
          "right_deco": 0,
          "right_note": 0,
          "right_spacing": 0,
        },
        {
          "acc_pack": {
            "intervals": [
              [],
              [],
            ],
          },
          "left_deco": 0,
          "left_grace": 0,
          "left_note": 0,
          "left_squiggle": 0,
          "mid_note": 0,
          "mid_pack": {
            "intervals": [
              [],
              [],
            ],
          },
          "right_deco": 0,
          "right_note": 0,
          "right_spacing": 0,
        },
        {
          "acc_pack": {
            "intervals": [
              [],
              [],
            ],
          },
          "left_deco": 0,
          "left_grace": 0,
          "left_note": 0,
          "left_squiggle": 0,
          "mid_note": 0,
          "mid_pack": {
            "intervals": [
              [],
              [],
            ],
          },
          "right_deco": 0,
          "right_note": 0,
          "right_spacing": 0,
        },
        {
          "acc_pack": {
            "intervals": [
              [],
              [],
            ],
          },
          "left_deco": 0,
          "left_grace": 0,
          "left_note": 0,
          "left_squiggle": 0,
          "mid_note": 0,
          "mid_pack": {
            "intervals": [
              [],
              [],
            ],
          },
          "right_deco": 0,
          "right_note": 0,
          "right_spacing": 0,
        },
        {
          "acc_pack": {
            "intervals": [
              [],
              [],
            ],
          },
          "left_deco": 0,
          "left_grace": 0,
          "left_note": 0,
          "left_squiggle": 0,
          "mid_note": 0,
          "mid_pack": {
            "intervals": [
              [],
              [],
            ],
          },
          "right_deco": 0,
          "right_note": 0,
          "right_spacing": 0,
        },
        {
          "acc_pack": {
            "intervals": [
              [],
              [],
            ],
          },
          "left_deco": 0,
          "left_grace": 0,
          "left_note": 0,
          "left_squiggle": 0,
          "mid_note": 0,
          "mid_pack": {
            "intervals": [
              [],
              [],
            ],
          },
          "right_deco": 0,
          "right_note": 0,
          "right_spacing": 0,
        },
        {
          "acc_pack": {
            "intervals": [
              [],
              [],
            ],
          },
          "left_deco": 0,
          "left_grace": 0,
          "left_note": 0,
          "left_squiggle": 0,
          "mid_note": 0,
          "mid_pack": {
            "intervals": [
              [],
              [],
            ],
          },
          "right_deco": 0,
          "right_note": 0,
          "right_spacing": 0,
        },
        {
          "acc_pack": {
            "intervals": [
              [],
              [],
            ],
          },
          "left_deco": 0,
          "left_grace": 0,
          "left_note": 0,
          "left_squiggle": 0,
          "mid_note": 0,
          "mid_pack": {
            "intervals": [
              [],
              [],
            ],
          },
          "right_deco": 0,
          "right_note": 0,
          "right_spacing": 0,
        },
        {
          "acc_pack": {
            "intervals": [
              [],
              [],
            ],
          },
          "left_deco": 0,
          "left_grace": 0,
          "left_note": 0,
          "left_squiggle": 0,
          "mid_note": 0,
          "mid_pack": {
            "intervals": [
              [],
              [],
            ],
          },
          "right_deco": 0,
          "right_note": 0,
          "right_spacing": 0,
        },
      ],
      "staves": [
        {
          "beams": [],
          "clef": 0,
          "coords": {
            "col": 0,
            "local_y_max": 40.5,
            "local_y_min": -13.5,
            "row": 0,
            "w": 133.6,
            "x": 0,
            "y": 13.5,
          },
          "flags": {
            "need_clef": true,
            "need_cue": false,
            "need_keysig": {
              "accidental": 0,
              "count": 0,
            },
            "need_lyric": false,
            "need_timesig": true,
          },
          "grace": [],
          "key_signature": [
            0,
            0,
          ],
          "notes": [
            {
              "accidental": null,
              "begin": 0,
              "duration": 16,
              "flag_count": 0,
              "modifier": false,
              "modifier_shift": 0,
              "name": "C_6",
              "next_in_chord": null,
              "octave": 6,
              "prev_in_chord": null,
              "slot_shift": 0,
              "staff_pos": 3,
              "stem_dir": -1,
              "stem_len": 2.5,
              "tuplet": null,
              "twisted": false,
              "voice": 0,
            },
            {
              "accidental": null,
              "begin": 0,
              "duration": 32,
              "flag_count": 0,
              "modifier": false,
              "modifier_shift": 0,
              "name": "C_6",
              "next_in_chord": null,
              "octave": 6,
              "prev_in_chord": null,
              "slot_shift": 0,
              "staff_pos": 3,
              "stem_dir": 1,
              "stem_len": 2.5,
              "tuplet": null,
              "twisted": false,
              "voice": 1,
            },
          ],
          "rests": [
            {
              "begin": 16,
              "duration": 16,
              "staff_pos": 0,
              "tuplet": null,
              "voice": 0,
            },
          ],
          "time_signature": [
            2,
            4,
          ],
          "voices": 2,
        },
        {
          "beams": [],
          "clef": 1,
          "coords": {
            "col": 0,
            "local_y_max": 36,
            "local_y_min": 0,
            "row": 0,
            "w": 133.6,
            "x": 0,
            "y": 119.5,
          },
          "flags": {
            "need_clef": true,
            "need_cue": false,
            "need_keysig": {
              "accidental": 0,
              "count": 0,
            },
            "need_lyric": false,
            "need_timesig": true,
          },
          "grace": [],
          "key_signature": [
            0,
            0,
          ],
          "notes": [],
          "rests": [
            {
              "begin": 0,
              "duration": 32,
              "staff_pos": 4,
              "tuplet": null,
              "voice": 0,
            },
          ],
          "time_signature": [
            1,
            4,
          ],
          "voices": 1,
        },
      ],
    },
  ],
  "slurred_ids": {},
  "slurs": [],
  "title": [
    "Test Head Bumping",
  ],
}