{
  "composer": [],
  "crescs": [],
  "first_col_measure_indices": [
    0,
  ],
  "indent": 0,
  "instruments": [],
  "measures": [
    {
      "barline": 1,
      "duration": 38,
      "is_first_col": true,
      "pad": {
        "inter": 4,
        "left": 12,
        "right": 12,
      },
      "slots": [
        {
          "acc_pack": {
            "intervals": [
              [],
              [],
            ],
          },
          "left_deco": 0,
          "left_grace": 0,
          "left_note": 0,
          "left_squiggle": 0,
          "mid_note": 1,
          "mid_pack": {
            "intervals": [
              [
                {
                  "bottom": 1,
                  "idx": 0,
                  "top": -1,
                  "x": 0,
                },
                {
                  "bottom": -1,
                  "idx": 1,
                  "top": -3,
                  "x": 0,
                },
              ],
              [],
            ],
          },
          "right_deco": 0,
          "right_note": 0,
          "right_spacing": 0.4,
        },
        {
          "acc_pack": {
            "intervals": [
              [],
              [],
            ],
          },
          "left_deco": 0,
          "left_grace": 0,
          "left_note": 0,
          "left_squiggle": 0,
          "mid_note": 0,
          "mid_pack": {
            "intervals": [
              [],
              [],
            ],
          },
          "right_deco": 0,
          "right_note": 0,
          "right_spacing": 0,
        },
        {
          "acc_pack": {
            "intervals": [
              [],
              [],
            ],
          },
          "left_deco": 0,
          "left_grace": 0,
          "left_note": 0,
          "left_squiggle": 0,
          "mid_note": 0,
          "mid_pack": {
            "intervals": [
              [],
              [],
            ],
          },
          "right_deco": 0,
          "right_note": 0,
          "right_spacing": 0,
        },
        {
          "acc_pack": {
            "intervals": [
              [],
              [],
            ],
          },
          "left_deco": 0,
          "left_grace": 0,
          "left_note": 0,
          "left_squiggle": 0,
          "mid_note": 0,
          "mid_pack": {
            "intervals": [
              [],
              [],
            ],
          },
          "right_deco": 0,
          "right_note": 0,
          "right_spacing": 0,
        },
        {
          "acc_pack": {
            "intervals": [
              [],
              [],
            ],
          },
          "left_deco": 0,
          "left_grace": 0,
          "left_note": 0,
          "left_squiggle": 0,
          "mid_note": 0,
          "mid_pack": {
            "intervals": [
              [],
              [],
            ],
          },
          "right_deco": 0,
          "right_note": 0,
          "right_spacing": 0,
        },
        {
          "acc_pack": {
            "intervals": [
              [],
              [],
            ],
          },
          "left_deco": 0,
          "left_grace": 0,
          "left_note": 0,
          "left_squiggle": 0,
          "mid_note": 0,
          "mid_pack": {
            "intervals": [
              [],
              [],
            ],
          },
          "right_deco": 0,
          "right_note": 0,
          "right_spacing": 0,
        },
        {
          "acc_pack": {
            "intervals": [
              [],
              [],
            ],
          },
          "left_deco": 0,
          "left_grace": 0,
          "left_note": 0,
          "left_squiggle": 0,
          "mid_note": 0,
          "mid_pack": {
            "intervals": [
              [],
              [],
            ],
          },
          "right_deco": 0,
          "right_note": 0,
          "right_spacing": 0,
        },
        {
          "acc_pack": {
            "intervals": [
              [],
              [],
            ],
          },
          "left_deco": 0,
          "left_grace": 0,
          "left_note": 0,
          "left_squiggle": 0,
          "mid_note": 0,
          "mid_pack": {
            "intervals": [
              [],
              [],
            ],
          },
          "right_deco": 0,
          "right_note": 0,
          "right_spacing": 0,
        },
        {
          "acc_pack": {
            "intervals": [
              [],
              [],
            ],
          },
          "left_deco": 0,
          "left_grace": 0,
          "left_note": 0,
          "left_squiggle": 0,
          "mid_note": 1,
          "mid_pack": {
            "intervals": [
              [
                {
                  "bottom": -4,
                  "idx": 2,
                  "top": -6,
                  "x": 0,
                },
                {
                  "bottom": -6,
                  "idx": 3,
                  "top": -8,
                  "x": 0,
                },
              ],
              [],
            ],
          },
          "right_deco": 1,
          "right_note": 0,
          "right_spacing": 0.6000000000000001,
        },
        {
          "acc_pack": {
            "intervals": [
              [],
              [],
            ],
          },
          "left_deco": 0,
          "left_grace": 0,
          "left_note": 0,
          "left_squiggle": 0,
          "mid_note": 0,
          "mid_pack": {
            "intervals": [
              [],
              [],
            ],
          },
          "right_deco": 0,
          "right_note": 0,
          "right_spacing": 0,
        },
        {
          "acc_pack": {
            "intervals": [
              [],
              [],
            ],
          },
          "left_deco": 0,
          "left_grace": 0,
          "left_note": 0,
          "left_squiggle": 0,
          "mid_note": 0,
          "mid_pack": {
            "intervals": [
              [],
              [],
            ],
          },
          "right_deco": 0,
          "right_note": 0,
          "right_spacing": 0,
        },
        {
          "acc_pack": {
            "intervals": [
              [],
              [],
            ],
          },
          "left_deco": 0,
          "left_grace": 0,
          "left_note": 0,
          "left_squiggle": 0,
          "mid_note": 0,
          "mid_pack": {
            "intervals": [
              [],
              [],
            ],
          },
          "right_deco": 0,
          "right_note": 0,
          "right_spacing": 0,
        },
        {
          "acc_pack": {
            "intervals": [
              [],
              [],
            ],
          },
          "left_deco": 0,
          "left_grace": 0,
          "left_note": 0,
          "left_squiggle": 0,
          "mid_note": 0,
          "mid_pack": {
            "intervals": [
              [],
              [],
            ],
          },
          "right_deco": 0,
          "right_note": 0,
          "right_spacing": 0,
        },
        {
          "acc_pack": {
            "intervals": [
              [],
              [],
            ],
          },
          "left_deco": 0,
          "left_grace": 0,
          "left_note": 0,
          "left_squiggle": 0,
          "mid_note": 0,
          "mid_pack": {
            "intervals": [
              [],
              [],
            ],
          },
          "right_deco": 0,
          "right_note": 0,
          "right_spacing": 0,
        },
        {
          "acc_pack": {
            "intervals": [
              [],
              [],
            ],
          },
          "left_deco": 0,
          "left_grace": 0,
          "left_note": 0,
          "left_squiggle": 0,
          "mid_note": 0,
          "mid_pack": {
            "intervals": [
              [],
              [],
            ],
          },
          "right_deco": 0,
          "right_note": 0,
          "right_spacing": 0,
        },
        {
          "acc_pack": {
            "intervals": [
              [],
              [],
            ],
          },
          "left_deco": 0,
          "left_grace": 0,
          "left_note": 0,
          "left_squiggle": 0,
          "mid_note": 0,
          "mid_pack": {
            "intervals": [
              [],
              [],
            ],
          },
          "right_deco": 0,
          "right_note": 0,
          "right_spacing": 0,
        },
        {
          "acc_pack": {
            "intervals": [
              [],
              [],
            ],
          },
          "left_deco": 0,
          "left_grace": 0,
          "left_note": 0,
          "left_squiggle": 0,
          "mid_note": 0,
          "mid_pack": {
            "intervals": [
              [],
              [],
            ],
          },
          "right_deco": 0,
          "right_note": 0,
          "right_spacing": 0,
        },
        {
          "acc_pack": {
            "intervals": [
              [],
              [],
            ],
          },
          "left_deco": 0,
          "left_grace": 0,
          "left_note": 0,
          "left_squiggle": 0,
          "mid_note": 0,
          "mid_pack": {
            "intervals": [
              [],
              [],
            ],
          },
          "right_deco": 0,
          "right_note": 0,
          "right_spacing": 0,
        },
        {
          "acc_pack": {
            "intervals": [
              [],
              [],
            ],
          },
          "left_deco": 0,
          "left_grace": 0,
          "left_note": 0,
          "left_squiggle": 0,
          "mid_note": 0,
          "mid_pack": {
            "intervals": [
              [],
              [],
            ],
          },
          "right_deco": 0,
          "right_note": 0,
          "right_spacing": 0,
        },
        {
          "acc_pack": {
            "intervals": [
              [],
              [],
            ],
          },
          "left_deco": 0,
          "left_grace": 0,
          "left_note": 0,
          "left_squiggle": 0,
          "mid_note": 0,
          "mid_pack": {
            "intervals": [
              [],
              [],
            ],
          },
          "right_deco": 0,
          "right_note": 0,
          "right_spacing": 0,
        },
        {
          "acc_pack": {
            "intervals": [
              [],
              [],
            ],
          },
          "left_deco": 0,
          "left_grace": 0,
          "left_note": 0,
          "left_squiggle": 0,
          "mid_note": 1,
          "mid_pack": {
            "intervals": [
              [
                {
                  "bottom": 0,
                  "idx": 4,
                  "top": -2,
                  "x": 0,
                },
                {
                  "bottom": -2,
                  "idx": 5,
                  "top": -4,
                  "x": 0,
                },
              ],
              [],
            ],
          },
          "right_deco": 0,
          "right_note": 0,
          "right_spacing": 0.2,
        },
        {
          "acc_pack": {
            "intervals": [
              [],
              [],
            ],
          },
          "left_deco": 0,
          "left_grace": 0,
          "left_note": 0,
          "left_squiggle": 0,
          "mid_note": 0,
          "mid_pack": {
            "intervals": [
              [],
              [],
            ],
          },
          "right_deco": 0,
          "right_note": 0,
          "right_spacing": 0,
        },
        {
          "acc_pack": {
            "intervals": [
              [],
              [],
            ],
          },
          "left_deco": 0,
          "left_grace": 0,
          "left_note": 0,
          "left_squiggle": 0,
          "mid_note": 0,
          "mid_pack": {
            "intervals": [
              [],
              [],
            ],
          },
          "right_deco": 0,
          "right_note": 0,
          "right_spacing": 0,
        },
        {
          "acc_pack": {
            "intervals": [
              [],
              [],
            ],
          },
          "left_deco": 0,
          "left_grace": 0,
          "left_note": 0,
          "left_squiggle": 0,
          "mid_note": 0,
          "mid_pack": {
            "intervals": [
              [],
              [],
            ],
          },
          "right_deco": 0,
          "right_note": 0,
          "right_spacing": 0,
        },
        {
          "acc_pack": {
            "intervals": [
              [],
              [],
            ],
          },
          "left_deco": 0,
          "left_grace": 0,
          "left_note": 0,
          "left_squiggle": 0,
          "mid_note": 1,
          "mid_pack": {
            "intervals": [
              [
                {
                  "bottom": -1,
                  "idx": 6,
                  "top": -3,
                  "x": 0,
                },
                {
                  "bottom": -3,
                  "idx": 7,
                  "top": -5,
                  "x": 0,
                },
              ],
              [],
            ],
          },
          "right_deco": 0,
          "right_note": 0,
          "right_spacing": 0.1,
        },
        {
          "acc_pack": {
            "intervals": [
              [],
              [],
            ],
          },
          "left_deco": 0,
          "left_grace": 0,
          "left_note": 0,
          "left_squiggle": 0,
          "mid_note": 0,
          "mid_pack": {
            "intervals": [
              [],
              [],
            ],
          },
          "right_deco": 0,
          "right_note": 0,
          "right_spacing": 0,
        },
        {
          "acc_pack": {
            "intervals": [
              [],
              [],
            ],
          },
          "left_deco": 0,
          "left_grace": 0,
          "left_note": 0,
          "left_squiggle": 0,
          "mid_note": 1,
          "mid_pack": {
            "intervals": [
              [
                {
                  "bottom": -1,
                  "idx": 8,
                  "top": -3,
                  "x": 0,
                },
                {
                  "bottom": 1,
                  "idx": 9,
                  "top": -1,
                  "x": 0,
                },
              ],
              [],
            ],
          },
          "right_deco": 0,
          "right_note": 0,
          "right_spacing": 0.1,
        },
        {
          "acc_pack": {
            "intervals": [
              [],
              [],
            ],
          },
          "left_deco": 0,
          "left_grace": 0,
          "left_note": 0,
          "left_squiggle": 0,
          "mid_note": 0,
          "mid_pack": {
            "intervals": [
              [],
              [],
            ],
          },
          "right_deco": 0,
          "right_note": 0,
          "right_spacing": 0,
        },
        {
          "acc_pack": {
            "intervals": [
              [],
              [],
            ],
          },
          "left_deco": 0,
          "left_grace": 0,
          "left_note": 0,
          "left_squiggle": 0,
          "mid_note": 1,
          "mid_pack": {
            "intervals": [
              [
                {
                  "bottom": -2,
                  "idx": 10,
                  "top": -4,
                  "x": 0,
                },
                {
                  "bottom": -4,
                  "idx": 11,
                  "top": -6,
                  "x": 0,
                },
              ],
              [],
            ],
          },
          "right_deco": 0,
          "right_note": 0,
          "right_spacing": 0.2,
        },
        {
          "acc_pack": {
            "intervals": [
              [],
              [],
            ],
          },
          "left_deco": 0,
          "left_grace": 0,
          "left_note": 0,
          "left_squiggle": 0,
          "mid_note": 0,
          "mid_pack": {
            "intervals": [
              [],
              [],
            ],
          },
          "right_deco": 0,
          "right_note": 0,
          "right_spacing": 0,
        },
        {
          "acc_pack": {
            "intervals": [
              [],
              [],
            ],
          },
          "left_deco": 0,
          "left_grace": 0,
          "left_note": 0,
          "left_squiggle": 0,
          "mid_note": 0,
          "mid_pack": {
            "intervals": [
              [],
              [],
            ],
          },
          "right_deco": 0,
          "right_note": 0,
          "right_spacing": 0,
        },
        {
          "acc_pack": {
            "intervals": [
              [],
              [],
            ],
          },
          "left_deco": 0,
          "left_grace": 0,
          "left_note": 0,
          "left_squiggle": 0,
          "mid_note": 0,
          "mid_pack": {
            "intervals": [
              [],
              [],
            ],
          },
          "right_deco": 0,
          "right_note": 0,
          "right_spacing": 0,
        },
        {
          "acc_pack": {
            "intervals": [
              [],
              [],
            ],
          },
          "left_deco": 0,
          "left_grace": 0,
          "left_note": 0,
          "left_squiggle": 0,
          "mid_note": 1,
          "mid_pack": {
            "intervals": [
              [
                {
                  "bottom": -1,
                  "idx": 12,
                  "top": -3,
                  "x": 0,
                },
                {
                  "bottom": -3,
                  "idx": 13,
                  "top": -5,
                  "x": 0,
                },
              ],
              [],
            ],
          },
          "right_deco": 0,
          "right_note": 0,
          "right_spacing": 0.1,
        },
        {
          "acc_pack": {
            "intervals": [
              [],
              [],
            ],
          },
          "left_deco": 0,
          "left_grace": 0,
          "left_note": 0,
          "left_squiggle": 0,
          "mid_note": 0,
          "mid_pack": {
            "intervals": [
              [],
              [],
            ],
          },
          "right_deco": 0,
          "right_note": 0,
          "right_spacing": 0,
        },
        {
          "acc_pack": {
            "intervals": [
              [],
              [],
            ],
          },
          "left_deco": 0,
          "left_grace": 0,
          "left_note": 0,
          "left_squiggle": 0,
          "mid_note": 1,
          "mid_pack": {
            "intervals": [
              [
                {
                  "bottom": -1,
                  "idx": 14,
                  "top": -3,
                  "x": 0,
                },
                {
                  "bottom": 1,
                  "idx": 15,
                  "top": -1,
                  "x": 0,
                },
              ],
              [],
            ],
          },
          "right_deco": 0,
          "right_note": 0,
          "right_spacing": 0.1,
        },
        {
          "acc_pack": {
            "intervals": [
              [],
              [],
            ],
          },
          "left_deco": 0,
          "left_grace": 0,
          "left_note": 0,
          "left_squiggle": 0,
          "mid_note": 0,
          "mid_pack": {
            "intervals": [
              [],
              [],
            ],
          },
          "right_deco": 0,
          "right_note": 0,
          "right_spacing": 0,
        },
        {
          "acc_pack": {
            "intervals": [
              [],
              [],
            ],
          },
          "left_deco": 0,
          "left_grace": 0,
          "left_note": 0,
          "left_squiggle": 0,
          "mid_note": 1,
          "mid_pack": {
            "intervals": [
              [
                {
                  "bottom": -2,
                  "idx": 16,
                  "top": -4,
                  "x": 0,
                },
                {
                  "bottom": -4,
                  "idx": 17,
                  "top": -6,
                  "x": 0,
                },
              ],
              [],
            ],
          },
          "right_deco": 0,
          "right_note": 0,
          "right_spacing": 0.2,
        },
        {
          "acc_pack": {
            "intervals": [
              [],
              [],
            ],
          },
          "left_deco": 0,
          "left_grace": 0,
          "left_note": 0,
          "left_squiggle": 0,
          "mid_note": 0,
          "mid_pack": {
            "intervals": [
              [],
              [],
            ],
          },
          "right_deco": 0,
          "right_note": 0,
          "right_spacing": 0,
        },
      ],
      "staves": [
        {
          "beams": [
            [
              0,
              2,
              4,
            ],
            [
              6,
              9,
              10,
            ],
            [
              12,
              15,
              16,
            ],
          ],
          "clef": 0,
          "coords": {
            "col": 0,
            "local_y_max": 46.04999999999991,
            "local_y_min": -36,
            "row": 0,
            "w": 260,
            "x": 0,
            "y": 36,
          },
          "flags": {
            "need_clef": true,
            "need_cue": false,
            "need_keysig": {
              "accidental": 0,
              "count": 0,
            },
            "need_lyric": false,
            "need_timesig": true,
          },
          "grace": [],
          "key_signature": [
            0,
            0,
          ],
          "notes": [
            {
              "accidental": null,
              "beamed": true,
              "begin": 0,
              "duration": 8,
              "flag_count": 1,
              "modifier": false,
              "modifier_shift": 0,
              "name": "F_6",
              "next_in_chord": null,
              "octave": 6,
              "prev_in_chord": 1,
              "slot_shift": 0,
              "staff_pos": 0,
              "stem_dir": 1,
              "stem_len": 2.4745686900958486,
              "tuplet": null,
              "twisted": false,
              "voice": 0,
            },
            {
              "accidental": null,
              "begin": 0,
              "duration": 8,
              "flag_count": 0,
              "modifier": false,
              "modifier_shift": 0,
              "name": "A_6",
              "next_in_chord": 0,
              "octave": 6,
              "prev_in_chord": null,
              "slot_shift": 0,
              "staff_pos": -2,
              "stem_dir": 1,
              "stem_len": 1,
              "tuplet": null,
              "twisted": false,
              "voice": 0,
            },
            {
              "accidental": null,
              "beamed": true,
              "begin": 8,
              "duration": 12,
              "flag_count": 1,
              "modifier": true,
              "modifier_shift": 0,
              "name": "D_7",
              "next_in_chord": null,
              "octave": 7,
              "prev_in_chord": 3,
              "slot_shift": 0,
              "staff_pos": -5,
              "stem_dir": 1,
              "stem_len": 5.027731629392971,
              "tuplet": null,
              "twisted": false,
              "voice": 0,
            },
            {
              "accidental": null,
              "begin": 8,
              "duration": 12,
              "flag_count": 0,
              "modifier": true,
              "modifier_shift": 0,
              "name": "F_7",
              "next_in_chord": 2,
              "octave": 7,
              "prev_in_chord": null,
              "slot_shift": 0,
              "staff_pos": -7,
              "stem_dir": 1,
              "stem_len": 1,
              "tuplet": null,
              "twisted": false,
              "voice": 0,
            },
            {
              "accidental": null,
              "beamed": true,
              "begin": 20,
              "duration": 4,
              "flag_count": 2,
              "modifier": false,
              "modifier_shift": 0,
              "name": "G_6",
              "next_in_chord": null,
              "octave": 6,
              "prev_in_chord": 5,
              "slot_shift": 0,
              "staff_pos": -1,
              "stem_dir": 1,
              "stem_len": 3.1176996805111803,
              "tuplet": null,
              "twisted": false,
              "voice": 0,
            },
            {
              "accidental": null,
              "begin": 20,
              "duration": 4,
              "flag_count": 0,
              "modifier": false,
              "modifier_shift": 0,
              "name": "B_6",
              "next_in_chord": 4,
              "octave": 6,
              "prev_in_chord": null,
              "slot_shift": 0,
              "staff_pos": -3,
              "stem_dir": 1,
              "stem_len": 1,
              "tuplet": null,
              "twisted": false,
              "voice": 0,
            },
            {
              "accidental": null,
              "beamed": true,
              "begin": 24,
              "duration": 2,
              "flag_count": 2,
              "modifier": false,
              "modifier_shift": 0,
              "name": "A_6",
              "next_in_chord": null,
              "octave": 6,
              "prev_in_chord": 7,
              "slot_shift": 0,
              "staff_pos": -2,
              "stem_dir": 1,
              "stem_len": 4.1166666666666565,
              "tuplet": {
                "display_duration": 4,
                "id": "_EOTBCJ",
                "label": 3,
              },
              "twisted": false,
              "voice": 0,
            },
            {
              "accidental": null,
              "begin": 24,
              "duration": 2,
              "flag_count": 0,
              "modifier": false,
              "modifier_shift": 0,
              "name": "C_7",
              "next_in_chord": 6,
              "octave": 7,
              "prev_in_chord": null,
              "slot_shift": 0,
              "staff_pos": -4,
              "stem_dir": 1,
              "stem_len": 1,
              "tuplet": {
                "display_duration": 4,
                "id": "_EOTBCJ",
                "label": 3,
              },
              "twisted": false,
              "voice": 0,
            },
            {
              "accidental": null,
              "begin": 26,
              "duration": 2,
              "flag_count": 0,
              "modifier": false,
              "modifier_shift": 0,
              "name": "A_6",
              "next_in_chord": 9,
              "octave": 6,
              "prev_in_chord": null,
              "slot_shift": 0,
              "staff_pos": -2,
              "stem_dir": 1,
              "stem_len": 1,
              "tuplet": {
                "display_duration": 4,
                "id": "_EOTBCJ",
                "label": 3,
              },
              "twisted": false,
              "voice": 0,
            },
            {
              "accidental": null,
              "beamed": true,
              "begin": 26,
              "duration": 2,
              "flag_count": 2,
              "modifier": false,
              "modifier_shift": 0,
              "name": "F_6",
              "next_in_chord": null,
              "octave": 6,
              "prev_in_chord": 8,
              "slot_shift": 0,
              "staff_pos": 0,
              "stem_dir": 1,
              "stem_len": 2.8666666666666654,
              "tuplet": {
                "display_duration": 4,
                "id": "_EOTBCJ",
                "label": 3,
              },
              "twisted": false,
              "voice": 0,
            },
            {
              "accidental": null,
              "beamed": true,
              "begin": 28,
              "duration": 4,
              "flag_count": 2,
              "modifier": false,
              "modifier_shift": 0,
              "name": "B_6",
              "next_in_chord": null,
              "octave": 6,
              "prev_in_chord": 11,
              "slot_shift": 0,
              "staff_pos": -3,
              "stem_dir": 1,
              "stem_len": 4.116666666666674,
              "tuplet": {
                "display_duration": 4,
                "id": "_EOTBCJ",
                "label": 3,
              },
              "twisted": false,
              "voice": 0,
            },
            {
              "accidental": null,
              "begin": 28,
              "duration": 4,
              "flag_count": 0,
              "modifier": false,
              "modifier_shift": 0,
              "name": "D_7",
              "next_in_chord": 10,
              "octave": 7,
              "prev_in_chord": null,
              "slot_shift": 0,
              "staff_pos": -5,
              "stem_dir": 1,
              "stem_len": 1,
              "tuplet": {
                "display_duration": 4,
                "id": "_EOTBCJ",
                "label": 3,
              },
              "twisted": false,
              "voice": 0,
            },
            {
              "accidental": null,
              "beamed": true,
              "begin": 32,
              "duration": 2,
              "flag_count": 2,
              "modifier": false,
              "modifier_shift": 0,
              "name": "A_6",
              "next_in_chord": null,
              "octave": 6,
              "prev_in_chord": 13,
              "slot_shift": 0,
              "staff_pos": -2,
              "stem_dir": 1,
              "stem_len": 4.116666666666649,
              "tuplet": {
                "display_duration": 4,
                "id": "_UDKZYA",
                "label": 3,
              },
              "twisted": false,
              "voice": 0,
            },
            {
              "accidental": null,
              "begin": 32,
              "duration": 2,
              "flag_count": 0,
              "modifier": false,
              "modifier_shift": 0,
              "name": "C_7",
              "next_in_chord": 12,
              "octave": 7,
              "prev_in_chord": null,
              "slot_shift": 0,
              "staff_pos": -4,
              "stem_dir": 1,
              "stem_len": 1,
              "tuplet": {
                "display_duration": 4,
                "id": "_UDKZYA",
                "label": 3,
              },
              "twisted": false,
              "voice": 0,
            },
            {
              "accidental": null,
              "begin": 34,
              "duration": 2,
              "flag_count": 0,
              "modifier": false,
              "modifier_shift": 0,
              "name": "A_6",
              "next_in_chord": 15,
              "octave": 6,
              "prev_in_chord": null,
              "slot_shift": 0,
              "staff_pos": -2,
              "stem_dir": 1,
              "stem_len": 1,
              "tuplet": {
                "display_duration": 4,
                "id": "_UDKZYA",
                "label": 3,
              },
              "twisted": false,
              "voice": 0,
            },
            {
              "accidental": null,
              "beamed": true,
              "begin": 34,
              "duration": 2,
              "flag_count": 2,
              "modifier": false,
              "modifier_shift": 0,
              "name": "F_6",
              "next_in_chord": null,
              "octave": 6,
              "prev_in_chord": 14,
              "slot_shift": 0,
              "staff_pos": 0,
              "stem_dir": 1,
              "stem_len": 2.8666666666666663,
              "tuplet": {
                "display_duration": 4,
                "id": "_UDKZYA",
                "label": 3,
              },
              "twisted": false,
              "voice": 0,
            },
            {
              "accidental": null,
              "beamed": true,
              "begin": 36,
              "duration": 4,
              "flag_count": 2,
              "modifier": false,
              "modifier_shift": 0,
              "name": "B_6",
              "next_in_chord": null,
              "octave": 6,
              "prev_in_chord": 17,
              "slot_shift": 0,
              "staff_pos": -3,
              "stem_dir": 1,
              "stem_len": 4.116666666666682,
              "tuplet": {
                "display_duration": 4,
                "id": "_UDKZYA",
                "label": 3,
              },
              "twisted": false,
              "voice": 0,
            },
            {
              "accidental": null,
              "begin": 36,
              "duration": 4,
              "flag_count": 0,
              "modifier": false,
              "modifier_shift": 0,
              "name": "D_7",
              "next_in_chord": 16,
              "octave": 7,
              "prev_in_chord": null,
              "slot_shift": 0,
              "staff_pos": -5,
              "stem_dir": 1,
              "stem_len": 1,
              "tuplet": {
                "display_duration": 4,
                "id": "_UDKZYA",
                "label": 3,
              },
              "twisted": false,
              "voice": 0,
            },
          ],
          "rests": [],
          "time_signature": [
            6,
            8,
          ],
          "voices": 1,
        },
        {
          "beams": [],
          "clef": 0,
          "coords": {
            "col": 0,
            "local_y_max": 36,
            "local_y_min": 0,
            "row": 0,
            "w": 260,
            "x": 0,
            "y": 142,
          },
          "flags": {
            "need_clef": true,
            "need_cue": false,
            "need_keysig": {
              "accidental": 0,
              "count": 0,
            },
            "need_lyric": false,
            "need_timesig": true,
          },
          "grace": [],
          "key_signature": [
            0,
            0,
          ],
          "notes": [],
          "rests": [],
          "time_signature": [
            6,
            8,
          ],
          "voices": 1,
        },
      ],
    },
  ],
  "slurred_ids": {},
  "slurs": [],
  "title": [],
}