{
  "elements": [
    {
      "h": 142,
      "tag": "line",
      "type": "barline",
      "w": 0,
      "x": 100,
      "y": 64.4,
    },
    {
      "h": 0,
      "tag": "line",
      "type": "staff_line",
      "w": 132,
      "x": 100,
      "y": 64.4,
    },
    {
      "h": 0,
      "tag": "line",
      "type": "staff_line",
      "w": 132,
      "x": 100,
      "y": 73.4,
    },
    {
      "h": 0,
      "tag": "line",
      "type": "staff_line",
      "w": 132,
      "x": 100,
      "y": 82.4,
    },
    {
      "h": 0,
      "tag": "line",
      "type": "staff_line",
      "w": 132,
      "x": 100,
      "y": 91.4,
    },
    {
      "h": 0,
      "tag": "line",
      "type": "staff_line",
      "w": 132,
      "x": 100,
      "y": 100.4,
    },
    {
      "h": 0,
      "tag": "line",
      "type": "staff_line",
      "w": 132,
      "x": 100,
      "y": 170.4,
    },
    {
      "h": 0,
      "tag": "line",
      "type": "staff_line",
      "w": 132,
      "x": 100,
      "y": 179.4,
    },
    {
      "h": 0,
      "tag": "line",
      "type": "staff_line",
      "w": 132,
      "x": 100,
      "y": 188.4,
    },
    {
      "h": 0,
      "tag": "line",
      "type": "staff_line",
      "w": 132,
      "x": 100,
      "y": 197.4,
    },
    {
      "h": 0,
      "tag": "line",
      "type": "staff_line",
      "w": 132,
      "x": 100,
      "y": 206.4,
    },
    {
      "h": 36,
      "tag": "clef",
      "type": 0,
      "w": 24,
      "x": 116,
      "y": 82.4,
    },
    {
      "h": 9,
      "tag": "accidental",
      "type": -1,
      "w": 12,
      "x": 135,
      "y": 82.4,
    },
    {
      "h": 18,
      "tag": "timesig_digit",
      "value": 4,
      "w": 24,
      "x": 157.6,
      "y": 73.4,
    },
    {
      "h": 18,
      "tag": "timesig_digit",
      "value": 4,
      "w": 24,
      "x": 157.6,
      "y": 91.4,
    },
    {
      "h": 36,
      "tag": "clef",
      "type": 1,
      "w": 24,
      "x": 116,
      "y": 179.4,
    },
    {
      "h": 9,
      "tag": "accidental",
      "type": -1,
      "w": 12,
      "x": 135,
      "y": 197.4,
    },
    {
      "h": 18,
      "tag": "timesig_digit",
      "value": 4,
      "w": 24,
      "x": 157.6,
      "y": 179.4,
    },
    {
      "h": 18,
      "tag": "timesig_digit",
      "value": 4,
      "w": 24,
      "x": 157.6,
      "y": 197.4,
    },
    {
      "h": 0,
      "tag": "dot",
      "type": "modifier",
      "w": 0,
      "x": 199.6,
      "y": 156.9,
    },
    {
      "bbox": {
        "h": 11,
        "w": 14,
        "x": 180.6,
        "y": 154.9,
      },
      "duration": 24,
      "h": 9,
      "stem_dir": 1,
      "tag": "note_head",
      "twisted": false,
      "w": 12,
      "x": 181.6,
      "y": 161.4,
    },
    {
      "h": -27,
      "tag": "line",
      "type": "note_stem",
      "w": 0,
      "x": 181.6,
      "y": 188.4,
    },
    {
      "h": 0,
      "tag": "dot",
      "type": "modifier",
      "w": 0,
      "x": 199.6,
      "y": 183.9,
    },
    {
      "bbox": {
        "h": 11,
        "w": 14,
        "x": 180.6,
        "y": 181.9,
      },
      "duration": 24,
      "h": 9,
      "stem_dir": 1,
      "tag": "note_head",
      "twisted": false,
      "w": 12,
      "x": 181.6,
      "y": 188.4,
    },
    {
      "h": -22.5,
      "tag": "line",
      "type": "note_stem",
      "w": 0,
      "x": 181.6,
      "y": 210.9,
    },
    {
      "h": 0,
      "tag": "line",
      "type": "ledger",
      "w": 21,
      "x": 177.1,
      "y": 161.4,
    },
    {
      "h": 142,
      "tag": "line",
      "type": "barline",
      "w": 0,
      "x": 232,
      "y": 64.4,
    },
  ],
  "h": 274.4,
  "polylines": [
    [
      [
        100,
        64.4,
      ],
      [
        100,
        206.4,
      ],
    ],
    [
      [
        100,
        64.4,
      ],
      [
        232,
        64.4,
      ],
    ],
    [
      [
        100,
        73.4,
      ],
      [
        232,
        73.4,
      ],
    ],
    [
      [
        100,
        82.4,
      ],
      [
        232,
        82.4,
      ],
    ],
    [
      [
        100,
        91.4,
      ],
      [
        232,
        91.4,
      ],
    ],
    [
      [
        100,
        100.4,
      ],
      [
        232,
        100.4,
      ],
    ],
    [
      [
        100,
        170.4,
      ],
      [
        232,
        170.4,
      ],
    ],
    [
      [
        100,
        179.4,
      ],
      [
        232,
        179.4,
      ],
    ],
    [
      [
        100,
        188.4,
      ],
      [
        232,
        188.4,
      ],
    ],
    [
      [
        100,
        197.4,
      ],
      [
        232,
        197.4,
      ],
    ],
    [
      [
        100,
        206.4,
      ],
      [
        232,
        206.4,
      ],
    ],
    [
      [
        108.11228079217553,
        103.81924101593044,
      ],
      [
        109.10105187011156,
        103.66980288345684,
      ],
      [
        109.940384815574,
        102.5315936730472,
      ],
      [
        109.7909466831004,
        101.54282259511116,
      ],
      [
        108.65273747269076,
        100.70348964964872,
      ],
      [
        107.66396639475472,
        100.85292778212232,
      ],
      [
        106.82463344929228,
        101.99113699253195,
      ],
      [
        107.12350971423947,
        103.96867914840404,
      ],
      [
        108.41115705712272,
        105.79678317180253,
      ],
      [
        110.5381373454684,
        106.48667798479137,
      ],
      [
        112.51567950134049,
        106.18780171984417,
      ],
      [
        115.33255460267502,
        104.75071624448734,
      ],
      [
        117.0112204935999,
        102.47429782366805,
      ],
      [
        117.70111530658875,
        100.34731753532236,
      ],
      [
        118.09213385463039,
        96.2427950911046,
      ],
      [
        116.4483143974208,
        85.36631323380813,
      ],
      [
        111.57415187517118,
        59.80770333994463,
      ],
      [
        110.52808494785599,
        52.886305794392335,
      ],
      [
        110.76966536342402,
        47.79301227223853,
      ],
      [
        111.45956017641288,
        45.66603198389284,
      ],
      [
        113.28766419981136,
        44.3783846410096,
      ],
      [
        114.2764352777474,
        44.228946508536,
      ],
      [
        116.40341556609309,
        44.918841321524845,
      ],
      [
        117.69106290897632,
        46.74694534492333,
      ],
      [
        118.28881543887071,
        50.702029656667506,
      ],
      [
        117.74835875835548,
        53.81778102294923,
      ],
      [
        117.05846394536663,
        55.94476131129491,
      ],
      [
        115.52923618691534,
        59.20995081005023,
      ],
      [
        111.18313332712953,
        63.9122257841624,
      ],
      [
        105.84825938940767,
        68.76393889074816,
      ],
      [
        104.16959349848278,
        71.04035731156745,
      ],
      [
        102.6403657400315,
        74.30554681032277,
      ],
      [
        101.95047092704266,
        76.43252709866846,
      ],
      [
        101.55945237900102,
        80.53704954288622,
      ],
      [
        102.15720490889541,
        84.4921338546304,
      ],
      [
        103.74372851672585,
        88.29778003390096,
      ],
      [
        106.16958507001873,
        90.96521700276189,
      ],
      [
        109.43477456877406,
        92.49444476121317,
      ],
      [
        113.53929701299182,
        92.88546330925482,
      ],
      [
        117.494381324736,
        92.28771077936042,
      ],
      [
        121.30002750400656,
        90.70118717153,
      ],
      [
        123.12813152740505,
        89.41353982864675,
      ],
      [
        124.65735928585633,
        86.14835032989143,
      ],
      [
        125.19781596637158,
        83.0325989636097,
      ],
      [
        124.60006343647719,
        79.07751465186553,
      ],
      [
        123.16297796112035,
        76.260639550531,
      ],
      [
        121.8753306182371,
        74.43253552713252,
      ],
      [
        119.59891219741782,
        72.75386963620763,
      ],
      [
        116.48316083113609,
        72.21341295569239,
      ],
      [
        112.52807651939193,
        72.81116548558678,
      ],
      [
        109.7112014180574,
        74.24825096094362,
      ],
      [
        108.03253552713251,
        76.5246693817629,
      ],
      [
        107.49207884661726,
        79.64042074804463,
      ],
      [
        108.08983137651167,
        83.5955050597888,
      ],
      [
        109.5269168518685,
        86.41238016112332,
      ],
      [
        111.80333527268779,
        88.09104605204821,
      ],
    ],
    [
      [
        107.81340452722833,
        101.84169886005836,
      ],
      [
        107.96284265970192,
        102.8304699379944,
      ],
      [
        108.95161373763796,
        102.6810318055208,
      ],
      [
        108.80217560516436,
        101.69226072758477,
      ],
      [
        107.81340452722833,
        101.84169886005836,
      ],
    ],
    [
      [
        115.52923618691534,
        59.20995081005023,
      ],
      [
        112.17190440506558,
        63.7627876516888,
      ],
      [
        107.82580154527976,
        68.46506262580097,
      ],
      [
        105.30780270889242,
        71.87969025702989,
      ],
      [
        103.77857495044114,
        75.14487975578521,
      ],
      [
        103.0886801374523,
        77.2718600441309,
      ],
      [
        102.54822345693705,
        80.38761141041263,
      ],
      [
        103.14597598683144,
        84.34269572215679,
      ],
      [
        104.73249959466189,
        88.14834190142736,
      ],
      [
        106.02014693754514,
        89.97644592482585,
      ],
      [
        109.43477456877406,
        92.49444476121317,
      ],
    ],
    [
      [
        117.494381324736,
        92.28771077936042,
      ],
      [
        120.31125642607051,
        90.85062530400359,
      ],
      [
        122.13936044946901,
        89.56297796112035,
      ],
      [
        123.6685882079203,
        86.29778846236502,
      ],
      [
        124.20904488843554,
        83.18203709608329,
      ],
      [
        123.61129235854114,
        79.22695278433913,
      ],
      [
        122.1742068831843,
        76.4100776830046,
      ],
      [
        120.88655954030106,
        74.58197365960612,
      ],
      [
        118.61014111948178,
        72.90330776868123,
      ],
      [
        116.48316083113609,
        72.21341295569239,
      ],
    ],
    [
      [
        132.2,
        66.9,
      ],
      [
        132.2,
        87.9,
      ],
    ],
    [
      [
        132.2,
        78.9,
      ],
      [
        134.3,
        76.9,
      ],
      [
        136.4,
        76.9,
      ],
      [
        137.8,
        77.9,
      ],
      [
        138.5,
        79.9,
      ],
      [
        138.5,
        81.9,
      ],
      [
        137.8,
        83.9,
      ],
      [
        135.7,
        85.9,
      ],
      [
        134.3,
        86.9,
      ],
      [
        132.2,
        87.9,
      ],
    ],
    [
      [
        132.2,
        78.9,
      ],
      [
        134.3,
        77.9,
      ],
      [
        136.4,
        77.9,
      ],
      [
        137.8,
        78.9,
      ],
    ],
    [
      [
        137.1,
        77.9,
      ],
      [
        137.8,
        79.9,
      ],
      [
        137.8,
        81.9,
      ],
      [
        137.1,
        83.9,
      ],
      [
        135.7,
        85.9,
      ],
    ],
    [
      [
        158.6,
        66.85000000000001,
      ],
      [
        158.6,
        82.15,
      ],
    ],
    [
      [
        159.6,
        66,
      ],
      [
        159.6,
        81.30000000000001,
      ],
    ],
    [
      [
        160.6,
        64.30000000000001,
      ],
      [
        160.6,
        82.15,
      ],
    ],
    [
      [
        160.6,
        64.30000000000001,
      ],
      [
        149.6,
        77.05000000000001,
      ],
      [
        165.6,
        77.05000000000001,
      ],
    ],
    [
      [
        155.6,
        82.15,
      ],
      [
        163.6,
        82.15,
      ],
    ],
    [
      [
        158.6,
        81.30000000000001,
      ],
      [
        156.6,
        82.15,
      ],
    ],
    [
      [
        158.6,
        80.45,
      ],
      [
        157.6,
        82.15,
      ],
    ],
    [
      [
        160.6,
        80.45,
      ],
      [
        161.6,
        82.15,
      ],
    ],
    [
      [
        160.6,
        81.30000000000001,
      ],
      [
        162.6,
        82.15,
      ],
    ],
    [
      [
        158.6,
        84.85000000000001,
      ],
      [
        158.6,
        100.15,
      ],
    ],
    [
      [
        159.6,
        84,
      ],
      [
        159.6,
        99.30000000000001,
      ],
    ],
    [
      [
        160.6,
        82.30000000000001,
      ],
      [
        160.6,
        100.15,
      ],
    ],
    [
      [
        160.6,
        82.30000000000001,
      ],
      [
        149.6,
        95.05000000000001,
      ],
      [
        165.6,
        95.05000000000001,
      ],
    ],
    [
      [
        155.6,
        100.15,
      ],
      [
        163.6,
        100.15,
      ],
    ],
    [
      [
        158.6,
        99.30000000000001,
      ],
      [
        156.6,
        100.15,
      ],
    ],
    [
      [
        158.6,
        98.45,
      ],
      [
        157.6,
        100.15,
      ],
    ],
    [
      [
        160.6,
        98.45,
      ],
      [
        161.6,
        100.15,
      ],
    ],
    [
      [
        160.6,
        99.30000000000001,
      ],
      [
        162.6,
        100.15,
      ],
    ],
    [
      [
        103,
        178.4,
      ],
      [
        104,
        176.4,
      ],
      [
        106,
        175.4,
      ],
      [
        108,
        175.4,
      ],
      [
        110,
        176.4,
      ],
      [
        111,
        178.4,
      ],
      [
        111,
        180.4,
      ],
      [
        110,
        182.4,
      ],
      [
        108,
        183.4,
      ],
      [
        106,
        183.4,
      ],
      [
        104,
        182.4,
      ],
      [
        103,
        181.4,
      ],
      [
        102,
        178.4,
      ],
      [
        102,
        175.4,
      ],
      [
        103,
        172.4,
      ],
      [
        105,
        170.4,
      ],
      [
        108,
        169.4,
      ],
      [
        112,
        169.4,
      ],
      [
        116,
        170.4,
      ],
      [
        119,
        172.4,
      ],
      [
        121,
        175.4,
      ],
      [
        122,
        179.4,
      ],
      [
        122,
        184.4,
      ],
      [
        121,
        188.4,
      ],
      [
        120,
        190.4,
      ],
      [
        118,
        193.4,
      ],
      [
        115,
        196.4,
      ],
      [
        111,
        199.4,
      ],
      [
        106,
        202.4,
      ],
      [
        102,
        204.4,
      ],
    ],
    [
      [
        112,
        169.4,
      ],
      [
        115,
        170.4,
      ],
      [
        118,
        172.4,
      ],
      [
        120,
        175.4,
      ],
      [
        121,
        179.4,
      ],
      [
        121,
        184.4,
      ],
      [
        120,
        188.4,
      ],
      [
        119,
        190.4,
      ],
      [
        117,
        193.4,
      ],
      [
        114,
        196.4,
      ],
      [
        109,
        200.4,
      ],
      [
        106,
        202.4,
      ],
    ],
    [
      [
        105,
        176.4,
      ],
      [
        109,
        176.4,
      ],
    ],
    [
      [
        104,
        177.4,
      ],
      [
        110,
        177.4,
      ],
    ],
    [
      [
        103,
        178.4,
      ],
      [
        111,
        178.4,
      ],
    ],
    [
      [
        103,
        179.4,
      ],
      [
        111,
        179.4,
      ],
    ],
    [
      [
        103,
        180.4,
      ],
      [
        111,
        180.4,
      ],
    ],
    [
      [
        104,
        181.4,
      ],
      [
        110,
        181.4,
      ],
    ],
    [
      [
        105,
        182.4,
      ],
      [
        109,
        182.4,
      ],
    ],
    [
      [
        126,
        173.4,
      ],
      [
        126,
        175.4,
      ],
      [
        128,
        175.4,
      ],
      [
        128,
        173.4,
      ],
      [
        126,
        173.4,
      ],
    ],
    [
      [
        127,
        173.4,
      ],
      [
        127,
        175.4,
      ],
    ],
    [
      [
        126,
        174.4,
      ],
      [
        128,
        174.4,
      ],
    ],
    [
      [
        126,
        183.4,
      ],
      [
        126,
        185.4,
      ],
      [
        128,
        185.4,
      ],
      [
        128,
        183.4,
      ],
      [
        126,
        183.4,
      ],
    ],
    [
      [
        127,
        183.4,
      ],
      [
        127,
        185.4,
      ],
    ],
    [
      [
        126,
        184.4,
      ],
      [
        128,
        184.4,
      ],
    ],
    [
      [
        132.2,
        181.9,
      ],
      [
        132.2,
        202.9,
      ],
    ],
    [
      [
        132.2,
        193.9,
      ],
      [
        134.3,
        191.9,
      ],
      [
        136.4,
        191.9,
      ],
      [
        137.8,
        192.9,
      ],
      [
        138.5,
        194.9,
      ],
      [
        138.5,
        196.9,
      ],
      [
        137.8,
        198.9,
      ],
      [
        135.7,
        200.9,
      ],
      [
        134.3,
        201.9,
      ],
      [
        132.2,
        202.9,
      ],
    ],
    [
      [
        132.2,
        193.9,
      ],
      [
        134.3,
        192.9,
      ],
      [
        136.4,
        192.9,
      ],
      [
        137.8,
        193.9,
      ],
    ],
    [
      [
        137.1,
        192.9,
      ],
      [
        137.8,
        194.9,
      ],
      [
        137.8,
        196.9,
      ],
      [
        137.1,
        198.9,
      ],
      [
        135.7,
        200.9,
      ],
    ],
    [
      [
        158.6,
        172.85,
      ],
      [
        158.6,
        188.15,
      ],
    ],
    [
      [
        159.6,
        172,
      ],
      [
        159.6,
        187.3,
      ],
    ],
    [
      [
        160.6,
        170.3,
      ],
      [
        160.6,
        188.15,
      ],
    ],
    [
      [
        160.6,
        170.3,
      ],
      [
        149.6,
        183.05,
      ],
      [
        165.6,
        183.05,
      ],
    ],
    [
      [
        155.6,
        188.15,
      ],
      [
        163.6,
        188.15,
      ],
    ],
    [
      [
        158.6,
        187.3,
      ],
      [
        156.6,
        188.15,
      ],
    ],
    [
      [
        158.6,
        186.45000000000002,
      ],
      [
        157.6,
        188.15,
      ],
    ],
    [
      [
        160.6,
        186.45000000000002,
      ],
      [
        161.6,
        188.15,
      ],
    ],
    [
      [
        160.6,
        187.3,
      ],
      [
        162.6,
        188.15,
      ],
    ],
    [
      [
        158.6,
        190.85,
      ],
      [
        158.6,
        206.15,
      ],
    ],
    [
      [
        159.6,
        190,
      ],
      [
        159.6,
        205.3,
      ],
    ],
    [
      [
        160.6,
        188.3,
      ],
      [
        160.6,
        206.15,
      ],
    ],
    [
      [
        160.6,
        188.3,
      ],
      [
        149.6,
        201.05,
      ],
      [
        165.6,
        201.05,
      ],
    ],
    [
      [
        155.6,
        206.15,
      ],
      [
        163.6,
        206.15,
      ],
    ],
    [
      [
        158.6,
        205.3,
      ],
      [
        156.6,
        206.15,
      ],
    ],
    [
      [
        158.6,
        204.45000000000002,
      ],
      [
        157.6,
        206.15,
      ],
    ],
    [
      [
        160.6,
        204.45000000000002,
      ],
      [
        161.6,
        206.15,
      ],
    ],
    [
      [
        160.6,
        205.3,
      ],
      [
        162.6,
        206.15,
      ],
    ],
    [
      [
        198.5,
        155.8,
      ],
      [
        198.5,
        158,
      ],
      [
        200.7,
        158,
      ],
      [
        200.7,
        155.8,
      ],
      [
        198.5,
        155.8,
      ],
    ],
    [
      [
        198.5,
        155.8,
      ],
      [
        200.7,
        158,
      ],
    ],
    [
      [
        200.7,
        155.8,
      ],
      [
        198.5,
        158,
      ],
    ],
    [
      [
        187.9598909956387,
        157.12022777329494,
      ],
      [
        184.99980188828337,
        158.2000989945481,
      ],
      [
        182.91978211389784,
        160.03996032860852,
      ],
      [
        181.7998019495936,
        161.79985138555742,
      ],
      [
        181.63986139537062,
        163.47977216539485,
      ],
      [
        182.43996045122893,
        165.0797226681208,
      ],
      [
        184.28006939428002,
        165.75974250381654,
      ],
      [
        186.20014861444258,
        165.5998019495936,
      ],
      [
        189.1602377217979,
        164.51993072834043,
      ],
      [
        191.24025749618346,
        162.68006939428003,
      ],
      [
        192.36023766048768,
        160.9201783373311,
      ],
      [
        192.52017821471065,
        159.24025755749366,
      ],
      [
        191.72007915885234,
        157.64030705476773,
      ],
      [
        189.87997021580125,
        156.96028721907197,
      ],
      [
        187.9598909956387,
        157.12022777329494,
      ],
    ],
    [
      [
        183.87982172397912,
        159.95999005149702,
      ],
      [
        189.87997021580125,
        156.96028721907197,
      ],
    ],
    [
      [
        182.75984155967487,
        161.71988110844595,
      ],
      [
        190.76003954877106,
        157.7202773318792,
      ],
    ],
    [
      [
        181.63986139537062,
        163.47977216539485,
      ],
      [
        191.64010888174087,
        158.48026744468643,
      ],
    ],
    [
      [
        182.5199307283404,
        164.23976227820208,
      ],
      [
        192.52017821471065,
        159.24025755749366,
      ],
    ],
    [
      [
        183.4000000613102,
        164.9997523910093,
      ],
      [
        191.4001980504064,
        161.0001486144426,
      ],
    ],
    [
      [
        184.28006939428002,
        165.75974250381654,
      ],
      [
        190.28021788610215,
        162.7600396713915,
      ],
    ],
    [
      [
        181.6,
        188.4,
      ],
      [
        181.6,
        161.4,
      ],
    ],
    [
      [
        198.5,
        182.8,
      ],
      [
        198.5,
        185,
      ],
      [
        200.7,
        185,
      ],
      [
        200.7,
        182.8,
      ],
      [
        198.5,
        182.8,
      ],
    ],
    [
      [
        198.5,
        182.8,
      ],
      [
        200.7,
        185,
      ],
    ],
    [
      [
        200.7,
        182.8,
      ],
      [
        198.5,
        185,
      ],
    ],
    [
      [
        187.9598909956387,
        184.12022777329494,
      ],
      [
        184.99980188828337,
        185.2000989945481,
      ],
      [
        182.91978211389784,
        187.03996032860852,
      ],
      [
        181.7998019495936,
        188.79985138555742,
      ],
      [
        181.63986139537062,
        190.47977216539485,
      ],
      [
        182.43996045122893,
        192.0797226681208,
      ],
      [
        184.28006939428002,
        192.75974250381654,
      ],
      [
        186.20014861444258,
        192.5998019495936,
      ],
      [
        189.1602377217979,
        191.51993072834043,
      ],
      [
        191.24025749618346,
        189.68006939428003,
      ],
      [
        192.36023766048768,
        187.9201783373311,
      ],
      [
        192.52017821471065,
        186.24025755749366,
      ],
      [
        191.72007915885234,
        184.64030705476773,
      ],
      [
        189.87997021580125,
        183.96028721907197,
      ],
      [
        187.9598909956387,
        184.12022777329494,
      ],
    ],
    [
      [
        183.87982172397912,
        186.95999005149702,
      ],
      [
        189.87997021580125,
        183.96028721907197,
      ],
    ],
    [
      [
        182.75984155967487,
        188.71988110844595,
      ],
      [
        190.76003954877106,
        184.7202773318792,
      ],
    ],
    [
      [
        181.63986139537062,
        190.47977216539485,
      ],
      [
        191.64010888174087,
        185.48026744468643,
      ],
    ],
    [
      [
        182.5199307283404,
        191.23976227820208,
      ],
      [
        192.52017821471065,
        186.24025755749366,
      ],
    ],
    [
      [
        183.4000000613102,
        191.9997523910093,
      ],
      [
        191.4001980504064,
        188.0001486144426,
      ],
    ],
    [
      [
        184.28006939428002,
        192.75974250381654,
      ],
      [
        190.28021788610215,
        189.7600396713915,
      ],
    ],
    [
      [
        181.6,
        210.9,
      ],
      [
        181.6,
        188.4,
      ],
    ],
    [
      [
        177.1,
        161.4,
      ],
      [
        198.1,
        161.4,
      ],
    ],
    [
      [
        232,
        64.4,
      ],
      [
        232,
        206.4,
      ],
    ],
  ],
  "w": 1200,
}