{
  "composer": [],
  "crescs": [],
  "first_col_measure_indices": [
    0,
  ],
  "indent": 0,
  "instruments": [],
  "measures": [
    {
      "barline": 1,
      "duration": 16,
      "is_first_col": true,
      "pad": {
        "inter": 4,
        "left": 12,
        "right": 12,
      },
      "slots": [
        {
          "acc_pack": {
            "intervals": [
              [
                {
                  "bottom": 12,
                  "idx": 0,
                  "top": 7,
                  "x": 0,
                },
                {
                  "bottom": 11,
                  "idx": 1,
                  "top": 6,
                  "x": 1,
                },
                {
                  "bottom": 10,
                  "idx": 2,
                  "top": 5,
                  "x": 2,
                },
                {
                  "bottom": 9,
                  "idx": 3,
                  "top": 4,
                  "x": 3,
                },
                {
                  "bottom": 8,
                  "idx": 4,
                  "top": 3,
                  "x": 4,
                },
                {
                  "bottom": 7,
                  "idx": 5,
                  "top": 2,
                  "x": 0,
                },
                {
                  "bottom": 6,
                  "idx": 6,
                  "top": 1,
                  "x": 1,
                },
                {
                  "bottom": 5,
                  "idx": 7,
                  "top": 0,
                  "x": 2,
                },
              ],
              [
                {
                  "bottom": 7,
                  "idx": 0,
                  "top": 2,
                  "x": 0,
                },
                {
                  "bottom": 6,
                  "idx": 1,
                  "top": 1,
                  "x": 1,
                },
                {
                  "bottom": 5,
                  "idx": 2,
                  "top": 0,
                  "x": 2,
                },
                {
                  "bottom": 4,
                  "idx": 3,
                  "top": -1,
                  "x": 3,
                },
                {
                  "bottom": 3,
                  "idx": 4,
                  "top": -2,
                  "x": 4,
                },
                {
                  "bottom": 2,
                  "idx": 5,
                  "top": -3,
                  "x": 0,
                },
                {
                  "bottom": 1,
                  "idx": 6,
                  "top": -4,
                  "x": 1,
                },
                {
                  "bottom": 0,
                  "idx": 7,
                  "top": -5,
                  "x": 2,
                },
              ],
            ],
          },
          "left_deco": 6,
          "left_grace": 0,
          "left_note": 1,
          "left_squiggle": 0,
          "mid_note": 1,
          "mid_pack": {
            "intervals": [
              [
                {
                  "bottom": 11,
                  "idx": 0,
                  "top": 9,
                  "x": 0,
                },
                {
                  "bottom": 9,
                  "idx": 2,
                  "top": 7,
                  "x": 0,
                },
                {
                  "bottom": 7,
                  "idx": 4,
                  "top": 5,
                  "x": 0,
                },
                {
                  "bottom": 5,
                  "idx": 6,
                  "top": 3,
                  "x": 0,
                },
              ],
              [
                {
                  "bottom": 5,
                  "idx": 1,
                  "top": 3,
                  "x": 0,
                },
                {
                  "bottom": 3,
                  "idx": 3,
                  "top": 1,
                  "x": 0,
                },
                {
                  "bottom": 1,
                  "idx": 5,
                  "top": -1,
                  "x": 0,
                },
                {
                  "bottom": -1,
                  "idx": 7,
                  "top": -3,
                  "x": 0,
                },
              ],
            ],
          },
          "right_deco": 0,
          "right_note": 1,
          "right_spacing": 0.4,
        },
        {
          "acc_pack": {
            "intervals": [
              [],
              [],
            ],
          },
          "left_deco": 0,
          "left_grace": 0,
          "left_note": 0,
          "left_squiggle": 0,
          "mid_note": 0,
          "mid_pack": {
            "intervals": [
              [],
              [],
            ],
          },
          "right_deco": 0,
          "right_note": 0,
          "right_spacing": 0,
        },
        {
          "acc_pack": {
            "intervals": [
              [],
              [],
            ],
          },
          "left_deco": 0,
          "left_grace": 0,
          "left_note": 0,
          "left_squiggle": 0,
          "mid_note": 0,
          "mid_pack": {
            "intervals": [
              [],
              [],
            ],
          },
          "right_deco": 0,
          "right_note": 0,
          "right_spacing": 0,
        },
        {
          "acc_pack": {
            "intervals": [
              [],
              [],
            ],
          },
          "left_deco": 0,
          "left_grace": 0,
          "left_note": 0,
          "left_squiggle": 0,
          "mid_note": 0,
          "mid_pack": {
            "intervals": [
              [],
              [],
            ],
          },
          "right_deco": 0,
          "right_note": 0,
          "right_spacing": 0,
        },
        {
          "acc_pack": {
            "intervals": [
              [],
              [],
            ],
          },
          "left_deco": 0,
          "left_grace": 0,
          "left_note": 0,
          "left_squiggle": 0,
          "mid_note": 0,
          "mid_pack": {
            "intervals": [
              [],
              [],
            ],
          },
          "right_deco": 0,
          "right_note": 0,
          "right_spacing": 0,
        },
        {
          "acc_pack": {
            "intervals": [
              [],
              [],
            ],
          },
          "left_deco": 0,
          "left_grace": 0,
          "left_note": 0,
          "left_squiggle": 0,
          "mid_note": 0,
          "mid_pack": {
            "intervals": [
              [],
              [],
            ],
          },
          "right_deco": 0,
          "right_note": 0,
          "right_spacing": 0,
        },
        {
          "acc_pack": {
            "intervals": [
              [],
              [],
            ],
          },
          "left_deco": 0,
          "left_grace": 0,
          "left_note": 0,
          "left_squiggle": 0,
          "mid_note": 0,
          "mid_pack": {
            "intervals": [
              [],
              [],
            ],
          },
          "right_deco": 0,
          "right_note": 0,
          "right_spacing": 0,
        },
        {
          "acc_pack": {
            "intervals": [
              [],
              [],
            ],
          },
          "left_deco": 0,
          "left_grace": 0,
          "left_note": 0,
          "left_squiggle": 0,
          "mid_note": 0,
          "mid_pack": {
            "intervals": [
              [],
              [],
            ],
          },
          "right_deco": 0,
          "right_note": 0,
          "right_spacing": 0,
        },
        {
          "acc_pack": {
            "intervals": [
              [],
              [
                {
                  "bottom": 7,
                  "idx": 8,
                  "top": 2,
                  "x": 0,
                },
                {
                  "bottom": 6,
                  "idx": 9,
                  "top": 1,
                  "x": 1,
                },
                {
                  "bottom": 5,
                  "idx": 10,
                  "top": 0,
                  "x": 2,
                },
                {
                  "bottom": 4,
                  "idx": 11,
                  "top": -1,
                  "x": 3,
                },
                {
                  "bottom": 3,
                  "idx": 12,
                  "top": -2,
                  "x": 4,
                },
                {
                  "bottom": 2,
                  "idx": 13,
                  "top": -3,
                  "x": 0,
                },
                {
                  "bottom": 1,
                  "idx": 14,
                  "top": -4,
                  "x": 1,
                },
                {
                  "bottom": 0,
                  "idx": 15,
                  "top": -5,
                  "x": 2,
                },
              ],
            ],
          },
          "left_deco": 6,
          "left_grace": 0,
          "left_note": 1,
          "left_squiggle": 0,
          "mid_note": 1,
          "mid_pack": {
            "intervals": [
              [],
              [
                {
                  "bottom": 5,
                  "idx": 9,
                  "top": 3,
                  "x": 0,
                },
                {
                  "bottom": 3,
                  "idx": 11,
                  "top": 1,
                  "x": 0,
                },
                {
                  "bottom": 1,
                  "idx": 13,
                  "top": -1,
                  "x": 0,
                },
                {
                  "bottom": -1,
                  "idx": 15,
                  "top": -3,
                  "x": 0,
                },
              ],
            ],
          },
          "right_deco": 0,
          "right_note": 0,
          "right_spacing": 0.4,
        },
        {
          "acc_pack": {
            "intervals": [
              [],
              [],
            ],
          },
          "left_deco": 0,
          "left_grace": 0,
          "left_note": 0,
          "left_squiggle": 0,
          "mid_note": 0,
          "mid_pack": {
            "intervals": [
              [],
              [],
            ],
          },
          "right_deco": 0,
          "right_note": 0,
          "right_spacing": 0,
        },
        {
          "acc_pack": {
            "intervals": [
              [],
              [],
            ],
          },
          "left_deco": 0,
          "left_grace": 0,
          "left_note": 0,
          "left_squiggle": 0,
          "mid_note": 0,
          "mid_pack": {
            "intervals": [
              [],
              [],
            ],
          },
          "right_deco": 0,
          "right_note": 0,
          "right_spacing": 0,
        },
        {
          "acc_pack": {
            "intervals": [
              [],
              [],
            ],
          },
          "left_deco": 0,
          "left_grace": 0,
          "left_note": 0,
          "left_squiggle": 0,
          "mid_note": 0,
          "mid_pack": {
            "intervals": [
              [],
              [],
            ],
          },
          "right_deco": 0,
          "right_note": 0,
          "right_spacing": 0,
        },
        {
          "acc_pack": {
            "intervals": [
              [],
              [],
            ],
          },
          "left_deco": 0,
          "left_grace": 0,
          "left_note": 0,
          "left_squiggle": 0,
          "mid_note": 0,
          "mid_pack": {
            "intervals": [
              [],
              [],
            ],
          },
          "right_deco": 0,
          "right_note": 0,
          "right_spacing": 0,
        },
        {
          "acc_pack": {
            "intervals": [
              [],
              [],
            ],
          },
          "left_deco": 0,
          "left_grace": 0,
          "left_note": 0,
          "left_squiggle": 0,
          "mid_note": 0,
          "mid_pack": {
            "intervals": [
              [],
              [],
            ],
          },
          "right_deco": 0,
          "right_note": 0,
          "right_spacing": 0,
        },
        {
          "acc_pack": {
            "intervals": [
              [],
              [],
            ],
          },
          "left_deco": 0,
          "left_grace": 0,
          "left_note": 0,
          "left_squiggle": 0,
          "mid_note": 0,
          "mid_pack": {
            "intervals": [
              [],
              [],
            ],
          },
          "right_deco": 0,
          "right_note": 0,
          "right_spacing": 0,
        },
        {
          "acc_pack": {
            "intervals": [
              [],
              [],
            ],
          },
          "left_deco": 0,
          "left_grace": 0,
          "left_note": 0,
          "left_squiggle": 0,
          "mid_note": 0,
          "mid_pack": {
            "intervals": [
              [],
              [],
            ],
          },
          "right_deco": 0,
          "right_note": 0,
          "right_spacing": 0,
        },
      ],
      "staves": [
        {
          "beams": [],
          "clef": 0,
          "coords": {
            "col": 0,
            "local_y_max": 49.5,
            "local_y_min": -13.5,
            "row": 0,
            "w": 301.6,
            "x": 0,
            "y": 13.5,
          },
          "flags": {
            "need_clef": true,
            "need_cue": false,
            "need_keysig": {
              "accidental": 0,
              "count": 0,
            },
            "need_lyric": false,
            "need_timesig": true,
          },
          "grace": [],
          "key_signature": [
            0,
            0,
          ],
          "notes": [
            {
              "accidental": 1,
              "begin": 0,
              "duration": 16,
              "flag_count": 0,
              "modifier": false,
              "modifier_shift": 0,
              "name": "Cs_5",
              "next_in_chord": 1,
              "octave": 5,
              "prev_in_chord": null,
              "slot_shift": 0,
              "staff_pos": 10,
              "stem_dir": -1,
              "stem_len": 0.5,
              "tuplet": null,
              "twisted": false,
              "voice": 0,
            },
            {
              "accidental": 1,
              "begin": 0,
              "duration": 16,
              "flag_count": 0,
              "modifier": false,
              "modifier_shift": 0,
              "name": "Ds_5",
              "next_in_chord": 2,
              "octave": 5,
              "prev_in_chord": 0,
              "slot_shift": 0,
              "staff_pos": 9,
              "stem_dir": -1,
              "stem_len": 0.5,
              "tuplet": null,
              "twisted": true,
              "voice": 0,
            },
            {
              "accidental": 1,
              "begin": 0,
              "duration": 16,
              "flag_count": 0,
              "modifier": false,
              "modifier_shift": 0,
              "name": "Es_5",
              "next_in_chord": 3,
              "octave": 5,
              "prev_in_chord": 1,
              "slot_shift": 0,
              "staff_pos": 8,
              "stem_dir": -1,
              "stem_len": 0.5,
              "tuplet": null,
              "twisted": false,
              "voice": 0,
            },
            {
              "accidental": 1,
              "begin": 0,
              "duration": 16,
              "flag_count": 0,
              "modifier": false,
              "modifier_shift": 0,
              "name": "Fs_5",
              "next_in_chord": 4,
              "octave": 5,
              "prev_in_chord": 2,
              "slot_shift": 0,
              "staff_pos": 7,
              "stem_dir": -1,
              "stem_len": 0.5,
              "tuplet": null,
              "twisted": true,
              "voice": 0,
            },
            {
              "accidental": 1,
              "begin": 0,
              "duration": 16,
              "flag_count": 0,
              "modifier": false,
              "modifier_shift": 0,
              "name": "Gs_5",
              "next_in_chord": 5,
              "octave": 5,
              "prev_in_chord": 3,
              "slot_shift": 0,
              "staff_pos": 6,
              "stem_dir": -1,
              "stem_len": 0.5,
              "tuplet": null,
              "twisted": false,
              "voice": 0,
            },
            {
              "accidental": 1,
              "begin": 0,
              "duration": 16,
              "flag_count": 0,
              "modifier": false,
              "modifier_shift": 0,
              "name": "As_5",
              "next_in_chord": 6,
              "octave": 5,
              "prev_in_chord": 4,
              "slot_shift": 0,
              "staff_pos": 5,
              "stem_dir": -1,
              "stem_len": 0.5,
              "tuplet": null,
              "twisted": true,
              "voice": 0,
            },
            {
              "accidental": 1,
              "begin": 0,
              "duration": 16,
              "flag_count": 0,
              "modifier": false,
              "modifier_shift": 0,
              "name": "Bs_5",
              "next_in_chord": 7,
              "octave": 5,
              "prev_in_chord": 5,
              "slot_shift": 0,
              "staff_pos": 4,
              "stem_dir": -1,
              "stem_len": 0.5,
              "tuplet": null,
              "twisted": false,
              "voice": 0,
            },
            {
              "accidental": 1,
              "begin": 0,
              "duration": 16,
              "flag_count": 0,
              "modifier": false,
              "modifier_shift": 0,
              "name": "Cs_6",
              "next_in_chord": null,
              "octave": 6,
              "prev_in_chord": 6,
              "slot_shift": 0,
              "staff_pos": 3,
              "stem_dir": -1,
              "stem_len": 2.5,
              "tuplet": null,
              "twisted": true,
              "voice": 0,
            },
          ],
          "rests": [],
          "time_signature": [
            1,
            4,
          ],
          "voices": 1,
        },
        {
          "beams": [
            [
              0,
              8,
            ],
          ],
          "clef": 1,
          "coords": {
            "col": 0,
            "local_y_max": 51.660000000000004,
            "local_y_min": -13.5,
            "row": 0,
            "w": 301.6,
            "x": 0,
            "y": 119.5,
          },
          "flags": {
            "need_clef": true,
            "need_cue": false,
            "need_keysig": {
              "accidental": 0,
              "count": 0,
            },
            "need_lyric": false,
            "need_timesig": true,
          },
          "grace": [],
          "key_signature": [
            0,
            0,
          ],
          "notes": [
            {
              "accidental": -1,
              "beamed": true,
              "begin": 0,
              "duration": 8,
              "flag_count": 1,
              "modifier": false,
              "modifier_shift": 0,
              "name": "Cb_4",
              "next_in_chord": null,
              "octave": 4,
              "prev_in_chord": 1,
              "slot_shift": 0,
              "staff_pos": 5,
              "stem_dir": 1,
              "stem_len": 2.74,
              "tuplet": null,
              "twisted": true,
              "voice": 0,
            },
            {
              "accidental": -1,
              "begin": 0,
              "duration": 8,
              "flag_count": 0,
              "modifier": false,
              "modifier_shift": 0,
              "name": "Db_4",
              "next_in_chord": 0,
              "octave": 4,
              "prev_in_chord": 2,
              "slot_shift": 0,
              "staff_pos": 4,
              "stem_dir": 1,
              "stem_len": 0.5,
              "tuplet": null,
              "twisted": false,
              "voice": 0,
            },
            {
              "accidental": -1,
              "begin": 0,
              "duration": 8,
              "flag_count": 0,
              "modifier": false,
              "modifier_shift": 0,
              "name": "Eb_4",
              "next_in_chord": 1,
              "octave": 4,
              "prev_in_chord": 3,
              "slot_shift": 0,
              "staff_pos": 3,
              "stem_dir": 1,
              "stem_len": 0.5,
              "tuplet": null,
              "twisted": true,
              "voice": 0,
            },
            {
              "accidental": -1,
              "begin": 0,
              "duration": 8,
              "flag_count": 0,
              "modifier": false,
              "modifier_shift": 0,
              "name": "Fb_4",
              "next_in_chord": 2,
              "octave": 4,
              "prev_in_chord": 4,
              "slot_shift": 0,
              "staff_pos": 2,
              "stem_dir": 1,
              "stem_len": 0.5,
              "tuplet": null,
              "twisted": false,
              "voice": 0,
            },
            {
              "accidental": -1,
              "begin": 0,
              "duration": 8,
              "flag_count": 0,
              "modifier": false,
              "modifier_shift": 0,
              "name": "Gb_4",
              "next_in_chord": 3,
              "octave": 4,
              "prev_in_chord": 5,
              "slot_shift": 0,
              "staff_pos": 1,
              "stem_dir": 1,
              "stem_len": 0.5,
              "tuplet": null,
              "twisted": true,
              "voice": 0,
            },
            {
              "accidental": -1,
              "begin": 0,
              "duration": 8,
              "flag_count": 0,
              "modifier": false,
              "modifier_shift": 0,
              "name": "Ab_4",
              "next_in_chord": 4,
              "octave": 4,
              "prev_in_chord": 6,
              "slot_shift": 0,
              "staff_pos": 0,
              "stem_dir": 1,
              "stem_len": 0.5,
              "tuplet": null,
              "twisted": false,
              "voice": 0,
            },
            {
              "accidental": -1,
              "begin": 0,
              "duration": 8,
              "flag_count": 0,
              "modifier": false,
              "modifier_shift": 0,
              "name": "Bb_4",
              "next_in_chord": 5,
              "octave": 4,
              "prev_in_chord": 7,
              "slot_shift": 0,
              "staff_pos": -1,
              "stem_dir": 1,
              "stem_len": 0.5,
              "tuplet": null,
              "twisted": true,
              "voice": 0,
            },
            {
              "accidental": -1,
              "begin": 0,
              "duration": 8,
              "flag_count": 0,
              "modifier": false,
              "modifier_shift": 0,
              "name": "Cb_5",
              "next_in_chord": 6,
              "octave": 5,
              "prev_in_chord": null,
              "slot_shift": 0,
              "staff_pos": -2,
              "stem_dir": 1,
              "stem_len": 0.5,
              "tuplet": null,
              "twisted": false,
              "voice": 0,
            },
            {
              "accidental": 0,
              "beamed": true,
              "begin": 8,
              "duration": 8,
              "flag_count": 1,
              "modifier": false,
              "modifier_shift": 0,
              "name": "C_4",
              "next_in_chord": null,
              "octave": 4,
              "prev_in_chord": 9,
              "slot_shift": 0,
              "staff_pos": 5,
              "stem_dir": 1,
              "stem_len": 2.74,
              "tuplet": null,
              "twisted": true,
              "voice": 0,
            },
            {
              "accidental": 0,
              "begin": 8,
              "duration": 8,
              "flag_count": 0,
              "modifier": false,
              "modifier_shift": 0,
              "name": "D_4",
              "next_in_chord": 8,
              "octave": 4,
              "prev_in_chord": 10,
              "slot_shift": 0,
              "staff_pos": 4,
              "stem_dir": 1,
              "stem_len": 0.5,
              "tuplet": null,
              "twisted": false,
              "voice": 0,
            },
            {
              "accidental": 0,
              "begin": 8,
              "duration": 8,
              "flag_count": 0,
              "modifier": false,
              "modifier_shift": 0,
              "name": "E_4",
              "next_in_chord": 9,
              "octave": 4,
              "prev_in_chord": 11,
              "slot_shift": 0,
              "staff_pos": 3,
              "stem_dir": 1,
              "stem_len": 0.5,
              "tuplet": null,
              "twisted": true,
              "voice": 0,
            },
            {
              "accidental": 0,
              "begin": 8,
              "duration": 8,
              "flag_count": 0,
              "modifier": false,
              "modifier_shift": 0,
              "name": "F_4",
              "next_in_chord": 10,
              "octave": 4,
              "prev_in_chord": 12,
              "slot_shift": 0,
              "staff_pos": 2,
              "stem_dir": 1,
              "stem_len": 0.5,
              "tuplet": null,
              "twisted": false,
              "voice": 0,
            },
            {
              "accidental": 0,
              "begin": 8,
              "duration": 8,
              "flag_count": 0,
              "modifier": false,
              "modifier_shift": 0,
              "name": "G_4",
              "next_in_chord": 11,
              "octave": 4,
              "prev_in_chord": 13,
              "slot_shift": 0,
              "staff_pos": 1,
              "stem_dir": 1,
              "stem_len": 0.5,
              "tuplet": null,
              "twisted": true,
              "voice": 0,
            },
            {
              "accidental": 0,
              "begin": 8,
              "duration": 8,
              "flag_count": 0,
              "modifier": false,
              "modifier_shift": 0,
              "name": "A_4",
              "next_in_chord": 12,
              "octave": 4,
              "prev_in_chord": 14,
              "slot_shift": 0,
              "staff_pos": 0,
              "stem_dir": 1,
              "stem_len": 0.5,
              "tuplet": null,
              "twisted": false,
              "voice": 0,
            },
            {
              "accidental": 0,
              "begin": 8,
              "duration": 8,
              "flag_count": 0,
              "modifier": false,
              "modifier_shift": 0,
              "name": "B_4",
              "next_in_chord": 13,
              "octave": 4,
              "prev_in_chord": 15,
              "slot_shift": 0,
              "staff_pos": -1,
              "stem_dir": 1,
              "stem_len": 0.5,
              "tuplet": null,
              "twisted": true,
              "voice": 0,
            },
            {
              "accidental": 0,
              "begin": 8,
              "duration": 8,
              "flag_count": 0,
              "modifier": false,
              "modifier_shift": 0,
              "name": "C_5",
              "next_in_chord": 14,
              "octave": 5,
              "prev_in_chord": null,
              "slot_shift": 0,
              "staff_pos": -2,
              "stem_dir": 1,
              "stem_len": 0.5,
              "tuplet": null,
              "twisted": false,
              "voice": 0,
            },
          ],
          "rests": [],
          "time_signature": [
            1,
            4,
          ],
          "voices": 1,
        },
      ],
    },
  ],
  "slurred_ids": {},
  "slurs": [],
  "title": [
    "legumes",
    "sheet music → polylines",
  ],
}