{
  "elements": [
    {
      "h": 0,
      "tag": "line",
      "type": "staff_line",
      "w": 96,
      "x": 100,
      "y": 64.4,
    },
    {
      "h": 0,
      "tag": "line",
      "type": "staff_line",
      "w": 96,
      "x": 100,
      "y": 73.4,
    },
    {
      "h": 0,
      "tag": "line",
      "type": "staff_line",
      "w": 96,
      "x": 100,
      "y": 82.4,
    },
    {
      "h": 0,
      "tag": "line",
      "type": "staff_line",
      "w": 96,
      "x": 100,
      "y": 91.4,
    },
    {
      "h": 0,
      "tag": "line",
      "type": "staff_line",
      "w": 96,
      "x": 100,
      "y": 100.4,
    },
    {
      "h": 36,
      "tag": "clef",
      "type": 0,
      "w": 24,
      "x": 116,
      "y": 82.4,
    },
    {
      "h": 18,
      "tag": "timesig_digit",
      "value": 4,
      "w": 24,
      "x": 148,
      "y": 73.4,
    },
    {
      "h": 18,
      "tag": "timesig_digit",
      "value": 4,
      "w": 24,
      "x": 148,
      "y": 91.4,
    },
    {
      "bbox": {
        "h": 11,
        "w": 14,
        "x": 169,
        "y": 102.9,
      },
      "duration": 64,
      "h": 9,
      "stem_dir": -1,
      "tag": "note_head",
      "twisted": false,
      "w": 12,
      "x": 184,
      "y": 109.4,
    },
    {
      "h": 0,
      "tag": "line",
      "type": "ledger",
      "w": 21,
      "x": 167.5,
      "y": 109.4,
    },
    {
      "h": 36,
      "tag": "line",
      "type": "barline",
      "w": 0,
      "x": 196,
      "y": 64.4,
    },
  ],
  "h": 168.4,
  "polylines": [
    [
      [
        100,
        64.4,
      ],
      [
        196,
        64.4,
      ],
    ],
    [
      [
        100,
        73.4,
      ],
      [
        196,
        73.4,
      ],
    ],
    [
      [
        100,
        82.4,
      ],
      [
        196,
        82.4,
      ],
    ],
    [
      [
        100,
        91.4,
      ],
      [
        196,
        91.4,
      ],
    ],
    [
      [
        100,
        100.4,
      ],
      [
        196,
        100.4,
      ],
    ],
    [
      [
        108.11228079217553,
        103.81924101593044,
      ],
      [
        109.10105187011156,
        103.66980288345684,
      ],
      [
        109.940384815574,
        102.5315936730472,
      ],
      [
        109.7909466831004,
        101.54282259511116,
      ],
      [
        108.65273747269076,
        100.70348964964872,
      ],
      [
        107.66396639475472,
        100.85292778212232,
      ],
      [
        106.82463344929228,
        101.99113699253195,
      ],
      [
        107.12350971423947,
        103.96867914840404,
      ],
      [
        108.41115705712272,
        105.79678317180253,
      ],
      [
        110.5381373454684,
        106.48667798479137,
      ],
      [
        112.51567950134049,
        106.18780171984417,
      ],
      [
        115.33255460267502,
        104.75071624448734,
      ],
      [
        117.0112204935999,
        102.47429782366805,
      ],
      [
        117.70111530658875,
        100.34731753532236,
      ],
      [
        118.09213385463039,
        96.2427950911046,
      ],
      [
        116.4483143974208,
        85.36631323380813,
      ],
      [
        111.57415187517118,
        59.80770333994463,
      ],
      [
        110.52808494785599,
        52.886305794392335,
      ],
      [
        110.76966536342402,
        47.79301227223853,
      ],
      [
        111.45956017641288,
        45.66603198389284,
      ],
      [
        113.28766419981136,
        44.3783846410096,
      ],
      [
        114.2764352777474,
        44.228946508536,
      ],
      [
        116.40341556609309,
        44.918841321524845,
      ],
      [
        117.69106290897632,
        46.74694534492333,
      ],
      [
        118.28881543887071,
        50.702029656667506,
      ],
      [
        117.74835875835548,
        53.81778102294923,
      ],
      [
        117.05846394536663,
        55.94476131129491,
      ],
      [
        115.52923618691534,
        59.20995081005023,
      ],
      [
        111.18313332712953,
        63.9122257841624,
      ],
      [
        105.84825938940767,
        68.76393889074816,
      ],
      [
        104.16959349848278,
        71.04035731156745,
      ],
      [
        102.6403657400315,
        74.30554681032277,
      ],
      [
        101.95047092704266,
        76.43252709866846,
      ],
      [
        101.55945237900102,
        80.53704954288622,
      ],
      [
        102.15720490889541,
        84.4921338546304,
      ],
      [
        103.74372851672585,
        88.29778003390096,
      ],
      [
        106.16958507001873,
        90.96521700276189,
      ],
      [
        109.43477456877406,
        92.49444476121317,
      ],
      [
        113.53929701299182,
        92.88546330925482,
      ],
      [
        117.494381324736,
        92.28771077936042,
      ],
      [
        121.30002750400656,
        90.70118717153,
      ],
      [
        123.12813152740505,
        89.41353982864675,
      ],
      [
        124.65735928585633,
        86.14835032989143,
      ],
      [
        125.19781596637158,
        83.0325989636097,
      ],
      [
        124.60006343647719,
        79.07751465186553,
      ],
      [
        123.16297796112035,
        76.260639550531,
      ],
      [
        121.8753306182371,
        74.43253552713252,
      ],
      [
        119.59891219741782,
        72.75386963620763,
      ],
      [
        116.48316083113609,
        72.21341295569239,
      ],
      [
        112.52807651939193,
        72.81116548558678,
      ],
      [
        109.7112014180574,
        74.24825096094362,
      ],
      [
        108.03253552713251,
        76.5246693817629,
      ],
      [
        107.49207884661726,
        79.64042074804463,
      ],
      [
        108.08983137651167,
        83.5955050597888,
      ],
      [
        109.5269168518685,
        86.41238016112332,
      ],
      [
        111.80333527268779,
        88.09104605204821,
      ],
    ],
    [
      [
        107.81340452722833,
        101.84169886005836,
      ],
      [
        107.96284265970192,
        102.8304699379944,
      ],
      [
        108.95161373763796,
        102.6810318055208,
      ],
      [
        108.80217560516436,
        101.69226072758477,
      ],
      [
        107.81340452722833,
        101.84169886005836,
      ],
    ],
    [
      [
        115.52923618691534,
        59.20995081005023,
      ],
      [
        112.17190440506558,
        63.7627876516888,
      ],
      [
        107.82580154527976,
        68.46506262580097,
      ],
      [
        105.30780270889242,
        71.87969025702989,
      ],
      [
        103.77857495044114,
        75.14487975578521,
      ],
      [
        103.0886801374523,
        77.2718600441309,
      ],
      [
        102.54822345693705,
        80.38761141041263,
      ],
      [
        103.14597598683144,
        84.34269572215679,
      ],
      [
        104.73249959466189,
        88.14834190142736,
      ],
      [
        106.02014693754514,
        89.97644592482585,
      ],
      [
        109.43477456877406,
        92.49444476121317,
      ],
    ],
    [
      [
        117.494381324736,
        92.28771077936042,
      ],
      [
        120.31125642607051,
        90.85062530400359,
      ],
      [
        122.13936044946901,
        89.56297796112035,
      ],
      [
        123.6685882079203,
        86.29778846236502,
      ],
      [
        124.20904488843554,
        83.18203709608329,
      ],
      [
        123.61129235854114,
        79.22695278433913,
      ],
      [
        122.1742068831843,
        76.4100776830046,
      ],
      [
        120.88655954030106,
        74.58197365960612,
      ],
      [
        118.61014111948178,
        72.90330776868123,
      ],
      [
        116.48316083113609,
        72.21341295569239,
      ],
    ],
    [
      [
        149,
        66.85000000000001,
      ],
      [
        149,
        82.15,
      ],
    ],
    [
      [
        150,
        66,
      ],
      [
        150,
        81.30000000000001,
      ],
    ],
    [
      [
        151,
        64.30000000000001,
      ],
      [
        151,
        82.15,
      ],
    ],
    [
      [
        151,
        64.30000000000001,
      ],
      [
        140,
        77.05000000000001,
      ],
      [
        156,
        77.05000000000001,
      ],
    ],
    [
      [
        146,
        82.15,
      ],
      [
        154,
        82.15,
      ],
    ],
    [
      [
        149,
        81.30000000000001,
      ],
      [
        147,
        82.15,
      ],
    ],
    [
      [
        149,
        80.45,
      ],
      [
        148,
        82.15,
      ],
    ],
    [
      [
        151,
        80.45,
      ],
      [
        152,
        82.15,
      ],
    ],
    [
      [
        151,
        81.30000000000001,
      ],
      [
        153,
        82.15,
      ],
    ],
    [
      [
        149,
        84.85000000000001,
      ],
      [
        149,
        100.15,
      ],
    ],
    [
      [
        150,
        84,
      ],
      [
        150,
        99.30000000000001,
      ],
    ],
    [
      [
        151,
        82.30000000000001,
      ],
      [
        151,
        100.15,
      ],
    ],
    [
      [
        151,
        82.30000000000001,
      ],
      [
        140,
        95.05000000000001,
      ],
      [
        156,
        95.05000000000001,
      ],
    ],
    [
      [
        146,
        100.15,
      ],
      [
        154,
        100.15,
      ],
    ],
    [
      [
        149,
        99.30000000000001,
      ],
      [
        147,
        100.15,
      ],
    ],
    [
      [
        149,
        98.45,
      ],
      [
        148,
        100.15,
      ],
    ],
    [
      [
        151,
        98.45,
      ],
      [
        152,
        100.15,
      ],
    ],
    [
      [
        151,
        99.30000000000001,
      ],
      [
        153,
        100.15,
      ],
    ],
    [
      [
        176,
        104.4,
      ],
      [
        173,
        105.4,
      ],
      [
        172,
        106.4,
      ],
      [
        171,
        108.4,
      ],
      [
        171,
        110.4,
      ],
      [
        172,
        112.4,
      ],
      [
        173,
        113.4,
      ],
      [
        176,
        114.4,
      ],
      [
        180,
        114.4,
      ],
      [
        183,
        113.4,
      ],
      [
        184,
        112.4,
      ],
      [
        185,
        110.4,
      ],
      [
        185,
        108.4,
      ],
      [
        184,
        106.4,
      ],
      [
        183,
        105.4,
      ],
      [
        180,
        104.4,
      ],
      [
        176,
        104.4,
      ],
    ],
    [
      [
        173,
        105.4,
      ],
      [
        172,
        107.4,
      ],
      [
        172,
        110.4,
      ],
      [
        173,
        112.4,
      ],
      [
        174,
        113.4,
      ],
      [
        176,
        114.4,
      ],
    ],
    [
      [
        183,
        113.4,
      ],
      [
        184,
        111.4,
      ],
      [
        184,
        108.4,
      ],
      [
        183,
        106.4,
      ],
      [
        182,
        105.4,
      ],
      [
        180,
        104.4,
      ],
    ],
    [
      [
        167.5,
        109.4,
      ],
      [
        188.5,
        109.4,
      ],
    ],
    [
      [
        196,
        64.4,
      ],
      [
        196,
        100.4,
      ],
    ],
  ],
  "w": 1200,
}